"../../../Engine/Plugins/2D/Paper2D/Content/PlaceholderTextures/DummySpriteTexture.ubulk" 0
"../../../Engine/Plugins/2D/Paper2D/Content/PlaceholderTextures/DummySpriteTexture.uasset" 1
"../../../Engine/Plugins/2D/Paper2D/Content/PlaceholderTextures/DummySpriteTexture.uexp" 2
"../../../Engine/Plugins/2D/Paper2D/Content/DummySprite.uasset" 3
"../../../Engine/Plugins/2D/Paper2D/Content/DummySprite.uexp" 4
"../../../Engine/Plugins/2D/Paper2D/Content/DefaultPaperTerrainMaterial.uasset" 5
"../../../Engine/Plugins/2D/Paper2D/Content/DefaultPaperTerrainMaterial.uexp" 6
"../../../Engine/Plugins/Animation/ACLPlugin/Content/ACLAnimCurveCompressionSettings.uasset" 7
"../../../Engine/Plugins/Animation/ACLPlugin/Content/ACLAnimCurveCompressionSettings.uexp" 8
"../../../Engine/Plugins/Animation/ACLPlugin/Content/ACLAnimBoneCompressionSettings.uasset" 9
"../../../Engine/Plugins/Animation/ACLPlugin/Content/ACLAnimBoneCompressionSettings.uexp" 10
"../../../Engine/Content/Animation/DefaultVariableFrameStrippingSettings.uasset" 11
"../../../Engine/Content/Animation/DefaultVariableFrameStrippingSettings.uexp" 12
"../../../Engine/Content/Animation/DefaultRecorderBoneCompression.uasset" 13
"../../../Engine/Content/Animation/DefaultRecorderBoneCompression.uexp" 14
"../../../Engine/Content/EngineSounds/Master.uasset" 15
"../../../Engine/Content/EngineSounds/Master.uexp" 16
"../../../Engine/Content/EngineMaterials/DefaultPhysicalMaterial.uasset" 17
"../../../Engine/Content/EngineMaterials/DefaultPhysicalMaterial.uexp" 18
"../../../Engine/Content/EngineMaterials/DefaultDestructiblePhysicalMaterial.uasset" 19
"../../../Engine/Content/EngineMaterials/DefaultDestructiblePhysicalMaterial.uexp" 20
"../../../Engine/Content/EngineFonts/Faces/DroidSansFallback.uexp" 21
"../../../Engine/Content/EngineFonts/Faces/DroidSansFallback.uasset" 22
"../../../Engine/Content/EngineFonts/Faces/DroidSansFallback.ufont" 23
"../../../Engine/Content/EngineFonts/Faces/RobotoBold.uexp" 24
"../../../Engine/Content/EngineFonts/Faces/RobotoBold.uasset" 25
"../../../Engine/Content/EngineFonts/Faces/RobotoBold.ufont" 26
"../../../Engine/Content/EngineFonts/Faces/RobotoBoldItalic.uexp" 27
"../../../Engine/Content/EngineFonts/Faces/RobotoBoldItalic.uasset" 28
"../../../Engine/Content/EngineFonts/Faces/RobotoBoldItalic.ufont" 29
"../../../Engine/Content/EngineFonts/Faces/RobotoItalic.uexp" 30
"../../../Engine/Content/EngineFonts/Faces/RobotoItalic.uasset" 31
"../../../Engine/Content/EngineFonts/Faces/RobotoItalic.ufont" 32
"../../../Engine/Content/EngineFonts/Faces/RobotoLight.uexp" 33
"../../../Engine/Content/EngineFonts/Faces/RobotoLight.uasset" 34
"../../../Engine/Content/EngineFonts/Faces/RobotoLight.ufont" 35
"../../../Engine/Content/EngineFonts/Faces/RobotoRegular.uexp" 36
"../../../Engine/Content/EngineFonts/Faces/RobotoRegular.uasset" 37
"../../../Engine/Content/EngineFonts/Faces/RobotoRegular.ufont" 38
"../../../Engine/Content/EngineFonts/Roboto.uasset" 39
"../../../Engine/Content/EngineFonts/Roboto.uexp" 40
"../../../Engine/Content/EngineFonts/Faces/DroidSansMono.uexp" 41
"../../../Engine/Content/EngineFonts/Faces/DroidSansMono.uasset" 42
"../../../Engine/Content/EngineFonts/Faces/DroidSansMono.ufont" 43
"../../../Engine/Content/EngineFonts/DroidSansMono.uasset" 44
"../../../Engine/Content/EngineFonts/DroidSansMono.uexp" 45
"../../../Engine/Plugins/Animation/ControlRig/Content/Controls/DefaultGizmoLibraryNormalized.uasset" 46
"../../../Engine/Plugins/Animation/ControlRig/Content/Controls/DefaultGizmoLibraryNormalized.uexp" 47
"../../../Engine/Plugins/Interchange/Runtime/Content/Pipelines/DefaultTexturePipeline.uasset" 48
"../../../Engine/Plugins/Interchange/Runtime/Content/Pipelines/DefaultTexturePipeline.uexp" 49
"../../../Engine/Plugins/Interchange/Runtime/Content/Pipelines/DefaultSceneLevelPipeline.uasset" 50
"../../../Engine/Plugins/Interchange/Runtime/Content/Pipelines/DefaultSceneLevelPipeline.uexp" 51
"../../../Engine/Plugins/Interchange/Runtime/Content/Pipelines/DefaultSceneAssetsPipeline.uasset" 52
"../../../Engine/Plugins/Interchange/Runtime/Content/Pipelines/DefaultSceneAssetsPipeline.uexp" 53
"../../../Engine/Plugins/Interchange/Runtime/Content/Pipelines/DefaultMaterialXPipeline.uasset" 54
"../../../Engine/Plugins/Interchange/Runtime/Content/Pipelines/DefaultMaterialXPipeline.uexp" 55
"../../../Engine/Plugins/Interchange/Runtime/Content/Pipelines/DefaultMaterialPipeline.uasset" 56
"../../../Engine/Plugins/Interchange/Runtime/Content/Pipelines/DefaultMaterialPipeline.uexp" 57
"../../../Engine/Plugins/Interchange/Runtime/Content/Pipelines/DefaultGLTFSceneAssetsPipeline.uasset" 58
"../../../Engine/Plugins/Interchange/Runtime/Content/Pipelines/DefaultGLTFSceneAssetsPipeline.uexp" 59
"../../../Engine/Plugins/Interchange/Runtime/Content/Pipelines/DefaultGLTFPipeline.uasset" 60
"../../../Engine/Plugins/Interchange/Runtime/Content/Pipelines/DefaultGLTFPipeline.uexp" 61
"../../../Engine/Plugins/Interchange/Runtime/Content/Pipelines/DefaultGLTFAssetsPipeline.uasset" 62
"../../../Engine/Plugins/Interchange/Runtime/Content/Pipelines/DefaultGLTFAssetsPipeline.uexp" 63
"../../../Engine/Plugins/Interchange/Runtime/Content/Pipelines/DefaultAssetsPipeline.uasset" 64
"../../../Engine/Plugins/Interchange/Runtime/Content/Pipelines/DefaultAssetsPipeline.uexp" 65
"../../../Engine/Content/MobileResources/HUD/VirtualJoystick_Thumb.uasset" 66
"../../../Engine/Content/MobileResources/HUD/VirtualJoystick_Thumb.uexp" 67
"../../../Engine/Content/MobileResources/HUD/VirtualJoystick_Background.uasset" 68
"../../../Engine/Content/MobileResources/HUD/VirtualJoystick_Background.uexp" 69
"../../../Engine/Content/MobileResources/HUD/DefaultVirtualJoysticks.uasset" 70
"../../../Engine/Content/MobileResources/HUD/DefaultVirtualJoysticks.uexp" 71
"../../../Engine/Content/EngineResources/GradientTexture0.uasset" 72
"../../../Engine/Content/EngineResources/GradientTexture0.uexp" 73
"../../../Engine/Content/EngineResources/Black.uasset" 74
"../../../Engine/Content/EngineResources/Black.uexp" 75
"../../../Engine/Content/EditorResources/S_Actor.ubulk" 76
"../../../Engine/Content/EditorResources/S_Actor.uasset" 77
"../../../Engine/Content/EditorResources/S_Actor.uexp" 78
"../../../Engine/Plugins/NNE/NNEDenoiser/Content/NNEDTOM_Output_Default.uasset" 79
"../../../Engine/Plugins/NNE/NNEDenoiser/Content/NNEDTOM_Output_Default.uexp" 80
"../../../Engine/Plugins/NNE/NNEDenoiser/Content/NNEDTOM_Output_Alpha.uasset" 81
"../../../Engine/Plugins/NNE/NNEDenoiser/Content/NNEDTOM_Output_Alpha.uexp" 82
"../../../Engine/Plugins/NNE/NNEDenoiser/Content/NNEDTIM_ColorAlbedoNormal_Default.uasset" 83
"../../../Engine/Plugins/NNE/NNEDenoiser/Content/NNEDTIM_ColorAlbedoNormal_Default.uexp" 84
"../../../Engine/Plugins/NNE/NNEDenoiser/Content/NNEDTIM_ColorAlbedoNormal_Alpha.uasset" 85
"../../../Engine/Plugins/NNE/NNEDenoiser/Content/NNEDTIM_ColorAlbedoNormal_Alpha.uexp" 86
"../../../Engine/Plugins/NNE/NNEDenoiser/Content/NNEDOM_Output_Default.uasset" 87
"../../../Engine/Plugins/NNE/NNEDenoiser/Content/NNEDOM_Output_Default.uexp" 88
"../../../Engine/Plugins/NNE/NNEDenoiser/Content/NNEDOM_Output_Alpha.uasset" 89
"../../../Engine/Plugins/NNE/NNEDenoiser/Content/NNEDOM_Output_Alpha.uexp" 90
"../../../Engine/Plugins/NNE/NNEDenoiser/Content/NNEDIM_HighQuality_Default.uasset" 91
"../../../Engine/Plugins/NNE/NNEDenoiser/Content/NNEDIM_HighQuality_Default.uexp" 92
"../../../Engine/Plugins/NNE/NNEDenoiser/Content/NNEDIM_HighQuality_Alpha.uasset" 93
"../../../Engine/Plugins/NNE/NNEDenoiser/Content/NNEDIM_HighQuality_Alpha.uexp" 94
"../../../Engine/Plugins/NNE/NNEDenoiser/Content/NNEDIM_ColorAlbedoNormal_Default.uasset" 95
"../../../Engine/Plugins/NNE/NNEDenoiser/Content/NNEDIM_ColorAlbedoNormal_Default.uexp" 96
"../../../Engine/Plugins/NNE/NNEDenoiser/Content/NNEDIM_ColorAlbedoNormal_Alpha.uasset" 97
"../../../Engine/Plugins/NNE/NNEDenoiser/Content/NNEDIM_ColorAlbedoNormal_Alpha.uexp" 98
"../../../Engine/Content/Functions/Engine_MaterialFunctions02/WorldPositionOffset/CameraOffset.uasset" 99
"../../../Engine/Content/Functions/Engine_MaterialFunctions02/WorldPositionOffset/CameraOffset.uexp" 100
"../../../Engine/Plugins/Animation/ControlRig/Content/M_Manip.uasset" 101
"../../../Engine/Plugins/Animation/ControlRig/Content/M_Manip.uexp" 102
"../../../Engine/Content/BasicShapes/BasicShapeMaterial.uasset" 103
"../../../Engine/Content/BasicShapes/BasicShapeMaterial.uexp" 104
"../../../Engine/Content/EditorMaterials/PreviewShadowIndicator.ubulk" 105
"../../../Engine/Content/EditorMaterials/PreviewShadowIndicator.uasset" 106
"../../../Engine/Content/EditorMaterials/PreviewShadowIndicator.uexp" 107
"../../../Engine/Content/EditorMaterials/PreviewShadowIndicatorMaterial.uasset" 108
"../../../Engine/Content/EditorMaterials/PreviewShadowIndicatorMaterial.uexp" 109
"../../../Engine/Content/EditorMaterials/PhAT_UnselectedMaterial.uasset" 110
"../../../Engine/Content/EditorMaterials/PhAT_UnselectedMaterial.uexp" 111
"../../../Engine/Content/EditorMaterials/PhAT_NoCollisionMaterial.uasset" 112
"../../../Engine/Content/EditorMaterials/PhAT_NoCollisionMaterial.uexp" 113
"../../../Engine/Content/EditorLandscapeResources/WhiteSquareTexture.uasset" 114
"../../../Engine/Content/EditorLandscapeResources/WhiteSquareTexture.uexp" 115
"../../../Engine/Content/EditorLandscapeResources/LayerVisMaterial.uasset" 116
"../../../Engine/Content/EditorLandscapeResources/LayerVisMaterial.uexp" 117
"../../../Engine/Content/Functions/Engine_MaterialFunctions02/Utility/BreakOutFloat2Components.uasset" 118
"../../../Engine/Content/Functions/Engine_MaterialFunctions02/Utility/BreakOutFloat2Components.uexp" 119
"../../../Engine/Content/Functions/Engine_MaterialFunctions01/Texturing/ScaleUVsByCenter.uasset" 120
"../../../Engine/Content/Functions/Engine_MaterialFunctions01/Texturing/ScaleUVsByCenter.uexp" 121
"../../../Engine/Content/Functions/Engine_MaterialFunctions02/WorldPositionOffset/LocalPosition.uasset" 122
"../../../Engine/Content/Functions/Engine_MaterialFunctions02/WorldPositionOffset/LocalPosition.uexp" 123
"../../../Engine/Content/EngineMaterials/DefaultDiffuse.ubulk" 124
"../../../Engine/Content/EngineMaterials/DefaultDiffuse.uasset" 125
"../../../Engine/Content/EngineMaterials/DefaultDiffuse.uexp" 126
"../../../Engine/Content/Functions/Engine_MaterialFunctions01/Texturing/TextureCropping.uasset" 127
"../../../Engine/Content/Functions/Engine_MaterialFunctions01/Texturing/TextureCropping.uexp" 128
"../../../Engine/Content/Functions/Engine_MaterialFunctions02/ExampleContent/DebugNumberStrip.uasset" 129
"../../../Engine/Content/Functions/Engine_MaterialFunctions02/ExampleContent/DebugNumberStrip.uexp" 130
"../../../Engine/Content/Functions/Engine_MaterialFunctions01/Debug/DebugIntValues.uasset" 131
"../../../Engine/Content/Functions/Engine_MaterialFunctions01/Debug/DebugIntValues.uexp" 132
"../../../Engine/Content/EditorLandscapeResources/LandscapeLayerUsageMaterial.uasset" 133
"../../../Engine/Content/EditorLandscapeResources/LandscapeLayerUsageMaterial.uexp" 134
"../../../Engine/Content/EditorLandscapeResources/DefaultAlphaTexture.uasset" 135
"../../../Engine/Content/EditorLandscapeResources/DefaultAlphaTexture.uexp" 136
"../../../Engine/Content/EditorLandscapeResources/LandscapeDirtyMaterial.uasset" 137
"../../../Engine/Content/EditorLandscapeResources/LandscapeDirtyMaterial.uexp" 138
"../../../Engine/Content/EngineResources/DefaultTexture.ubulk" 139
"../../../Engine/Content/EngineResources/DefaultTexture.uasset" 140
"../../../Engine/Content/EngineResources/DefaultTexture.uexp" 141
"../../../Engine/Content/EngineMaterials/RemoveSurfaceMaterial.uasset" 142
"../../../Engine/Content/EngineMaterials/RemoveSurfaceMaterial.uexp" 143
"../../../Engine/Content/EngineMaterials/PreintegratedSkinBRDF.uasset" 144
"../../../Engine/Content/EngineMaterials/PreintegratedSkinBRDF.uexp" 145
"../../../Engine/Content/EngineMaterials/DefaultCalibrationGrayscale.uasset" 146
"../../../Engine/Content/EngineMaterials/DefaultCalibrationGrayscale.uexp" 147
"../../../Engine/Content/EngineMaterials/PPM_DefaultCalibrationGrayscale.uasset" 148
"../../../Engine/Content/EngineMaterials/PPM_DefaultCalibrationGrayscale.uexp" 149
"../../../Engine/Content/EngineMaterials/DefaultCalibrationColor.uasset" 150
"../../../Engine/Content/EngineMaterials/DefaultCalibrationColor.uexp" 151
"../../../Engine/Content/EngineMaterials/PPM_DefaultCalibrationColor.uasset" 152
"../../../Engine/Content/EngineMaterials/PPM_DefaultCalibrationColor.uexp" 153
"../../../Engine/Content/EngineMaterials/PhAT_JointLimitMaterial.uasset" 154
"../../../Engine/Content/EngineMaterials/PhAT_JointLimitMaterial.uexp" 155
"../../../Engine/Content/EngineMaterials/NaniteHiddenSectionMaterial.uasset" 156
"../../../Engine/Content/EngineMaterials/NaniteHiddenSectionMaterial.uexp" 157
"../../../Engine/Content/EngineMaterials/InvalidLightmapSettings.ubulk" 158
"../../../Engine/Content/EngineMaterials/InvalidLightmapSettings.uasset" 159
"../../../Engine/Content/EngineMaterials/InvalidLightmapSettings.uexp" 160
"../../../Engine/Content/EngineMaterials/M_InvalidLightmapSettings.uasset" 161
"../../../Engine/Content/EngineMaterials/M_InvalidLightmapSettings.uexp" 162
"../../../Engine/Content/EngineMaterials/MiniFont.uasset" 163
"../../../Engine/Content/EngineMaterials/MiniFont.uexp" 164
"../../../Engine/Content/EngineMaterials/GizmoMaterial.uasset" 165
"../../../Engine/Content/EngineMaterials/GizmoMaterial.uexp" 166
"../../../Engine/Content/EngineMaterials/BaseFlattenDiffuseMap_VT.ubulk" 167
"../../../Engine/Content/EngineMaterials/BaseFlattenDiffuseMap_VT.uasset" 168
"../../../Engine/Content/EngineMaterials/BaseFlattenDiffuseMap_VT.uexp" 169
"../../../Engine/Content/EngineMaterials/BaseFlattenEmissiveMap_VT.ubulk" 170
"../../../Engine/Content/EngineMaterials/BaseFlattenEmissiveMap_VT.uasset" 171
"../../../Engine/Content/EngineMaterials/BaseFlattenEmissiveMap_VT.uexp" 172
"../../../Engine/Content/EngineMaterials/BaseFlattenGrayscaleMap_VT.ubulk" 173
"../../../Engine/Content/EngineMaterials/BaseFlattenGrayscaleMap_VT.uasset" 174
"../../../Engine/Content/EngineMaterials/BaseFlattenGrayscaleMap_VT.uexp" 175
"../../../Engine/Content/EngineMaterials/BaseFlattenLinearColor_VT.ubulk" 176
"../../../Engine/Content/EngineMaterials/BaseFlattenLinearColor_VT.uasset" 177
"../../../Engine/Content/EngineMaterials/BaseFlattenLinearColor_VT.uexp" 178
"../../../Engine/Content/EngineMaterials/BaseFlattenNormalMap_VT.ubulk" 179
"../../../Engine/Content/EngineMaterials/BaseFlattenNormalMap_VT.uasset" 180
"../../../Engine/Content/EngineMaterials/BaseFlattenNormalMap_VT.uexp" 181
"../../../Engine/Content/EngineMaterials/Black_1x1_EXR_Texture_VT.ubulk" 182
"../../../Engine/Content/EngineMaterials/Black_1x1_EXR_Texture_VT.uasset" 183
"../../../Engine/Content/EngineMaterials/Black_1x1_EXR_Texture_VT.uexp" 184
"../../../Engine/Content/EngineMaterials/FlattenMaterial_WS_Normal_VT.uasset" 185
"../../../Engine/Content/EngineMaterials/FlattenMaterial_WS_Normal_VT.uexp" 186
"../../../Engine/Content/EngineMaterials/FlattenMaterial_VT.uasset" 187
"../../../Engine/Content/EngineMaterials/FlattenMaterial_VT.uexp" 188
"../../../Engine/Content/EngineMaterials/BaseFlattenNormalMap.uasset" 189
"../../../Engine/Content/EngineMaterials/BaseFlattenNormalMap.uexp" 190
"../../../Engine/Content/EngineMaterials/BaseFlattenDiffuseMap.uasset" 191
"../../../Engine/Content/EngineMaterials/BaseFlattenDiffuseMap.uexp" 192
"../../../Engine/Content/EngineMaterials/BaseFlattenEmissiveMap.uasset" 193
"../../../Engine/Content/EngineMaterials/BaseFlattenEmissiveMap.uexp" 194
"../../../Engine/Content/EngineMaterials/BaseFlattenGrayscaleMap.uasset" 195
"../../../Engine/Content/EngineMaterials/BaseFlattenGrayscaleMap.uexp" 196
"../../../Engine/Content/EngineMaterials/BaseFlattenLinearColor.uasset" 197
"../../../Engine/Content/EngineMaterials/BaseFlattenLinearColor.uexp" 198
"../../../Engine/Content/Functions/Engine_MaterialFunctions02/PivotPainter2/Black_1x1_EXR_Texture.uasset" 199
"../../../Engine/Content/Functions/Engine_MaterialFunctions02/PivotPainter2/Black_1x1_EXR_Texture.uexp" 200
"../../../Engine/Content/EngineMaterials/FlattenMaterial.uasset" 201
"../../../Engine/Content/EngineMaterials/FlattenMaterial.uexp" 202
"../../../Engine/Content/EngineMaterials/FastBlueNoise_vec2_128x128x64.uasset" 203
"../../../Engine/Content/EngineMaterials/FastBlueNoise_vec2_128x128x64.uexp" 204
"../../../Engine/Content/EngineMaterials/FastBlueNoise_scalar_128x128x8.uasset" 205
"../../../Engine/Content/EngineMaterials/FastBlueNoise_scalar_128x128x8.uexp" 206
"../../../Engine/Content/EngineMaterials/FastBlueNoise_scalar_128x128x64.uasset" 207
"../../../Engine/Content/EngineMaterials/FastBlueNoise_scalar_128x128x64.uexp" 208
"../../../Engine/Content/EngineMaterials/DefaultWhiteGrid_Low.uasset" 209
"../../../Engine/Content/EngineMaterials/DefaultWhiteGrid_Low.uexp" 210
"../../../Engine/Content/EngineMaterials/EmissiveMeshMaterial.uasset" 211
"../../../Engine/Content/EngineMaterials/EmissiveMeshMaterial.uexp" 212
"../../../Engine/Content/EngineMaterials/DefaultWhiteGrid.ubulk" 213
"../../../Engine/Content/EngineMaterials/DefaultWhiteGrid.uasset" 214
"../../../Engine/Content/EngineMaterials/DefaultWhiteGrid.uexp" 215
"../../../Engine/Content/EngineFonts/RobotoDistanceField.uasset" 216
"../../../Engine/Content/EngineFonts/RobotoDistanceField.uexp" 217
"../../../Engine/Content/EngineMaterials/DefaultTextMaterialOpaque.uasset" 218
"../../../Engine/Content/EngineMaterials/DefaultTextMaterialOpaque.uexp" 219
"../../../Engine/Content/EngineMaterials/DefaultPostProcessMaterial.uasset" 220
"../../../Engine/Content/EngineMaterials/DefaultPostProcessMaterial.uexp" 221
"../../../Engine/Content/EngineMaterials/DefaultLightFunctionMaterial.uasset" 222
"../../../Engine/Content/EngineMaterials/DefaultLightFunctionMaterial.uexp" 223
"../../../Engine/Content/EngineMaterials/DefaultDeferredDecalMaterial.uasset" 224
"../../../Engine/Content/EngineMaterials/DefaultDeferredDecalMaterial.uexp" 225
"../../../Engine/Content/EngineMaterials/DefaultBokeh.uasset" 226
"../../../Engine/Content/EngineMaterials/DefaultBokeh.uexp" 227
"../../../Engine/Content/EngineMaterials/DefaultBloomKernel.uasset" 228
"../../../Engine/Content/EngineMaterials/DefaultBloomKernel.uexp" 229
"../../../Engine/Content/Functions/Engine_MaterialFunctions02/Utility/CameraDirectionVector.uasset" 230
"../../../Engine/Content/Functions/Engine_MaterialFunctions02/Utility/CameraDirectionVector.uexp" 231
"../../../Engine/Content/EngineDebugMaterials/VolumeToRender.uasset" 232
"../../../Engine/Content/EngineDebugMaterials/VolumeToRender.uexp" 233
"../../../Engine/Content/EngineDebugMaterials/M_VolumeRenderSphereTracePP.uasset" 234
"../../../Engine/Content/EngineDebugMaterials/M_VolumeRenderSphereTracePP.uexp" 235
"../../../Engine/Content/EngineDebugMaterials/M_SimpleUnlitTranslucent.uasset" 236
"../../../Engine/Content/EngineDebugMaterials/M_SimpleUnlitTranslucent.uexp" 237
"../../../Engine/Content/EngineDebugMaterials/DebugMeshMaterial.uasset" 238
"../../../Engine/Content/EngineDebugMaterials/DebugMeshMaterial.uexp" 239
"../../../Engine/Content/EngineDebugMaterials/DebugEditorMaterial.uasset" 240
"../../../Engine/Content/EngineDebugMaterials/DebugEditorMaterial.uexp" 241
"../../../Engine/Content/EngineDamageTypes/DmgTypeBP_Environmental.uasset" 242
"../../../Engine/Content/EngineDamageTypes/DmgTypeBP_Environmental.uexp" 243
"../../../Engine/Content/EditorResources/S_TriggerSphere.uasset" 244
"../../../Engine/Content/EditorResources/S_TriggerSphere.uexp" 245
"../../../Engine/Content/EditorResources/S_TriggerCapsule.uasset" 246
"../../../Engine/Content/EditorResources/S_TriggerCapsule.uexp" 247
"../../../Engine/Content/EditorResources/S_TriggerBox.uasset" 248
"../../../Engine/Content/EditorResources/S_TriggerBox.uexp" 249
"../../../Engine/Content/EditorResources/S_Trigger.ubulk" 250
"../../../Engine/Content/EditorResources/S_Trigger.uasset" 251
"../../../Engine/Content/EditorResources/S_Trigger.uexp" 252
"../../../Engine/Content/EditorResources/S_Terrain.ubulk" 253
"../../../Engine/Content/EditorResources/S_Terrain.uasset" 254
"../../../Engine/Content/EditorResources/S_Terrain.uexp" 255
"../../../Engine/Content/EditorResources/S_Solver.ubulk" 256
"../../../Engine/Content/EditorResources/S_Solver.uasset" 257
"../../../Engine/Content/EditorResources/S_Solver.uexp" 258
"../../../Engine/Content/EditorResources/S_BoxReflectionCapture.uasset" 259
"../../../Engine/Content/EditorResources/S_BoxReflectionCapture.uexp" 260
"../../../Engine/Content/EditorResources/BSPVertex.uasset" 261
"../../../Engine/Content/EditorResources/BSPVertex.uexp" 262
"../../../Engine/Plugins/Interchange/Assets/Content/Functions/MX_UsdPreviewSurface.uasset" 263
"../../../Engine/Plugins/Interchange/Assets/Content/Functions/MX_UsdPreviewSurface.uexp" 264
"../../../Engine/Plugins/Interchange/Assets/Content/Functions/MX_UniformEDF.uasset" 265
"../../../Engine/Plugins/Interchange/Assets/Content/Functions/MX_UniformEDF.uexp" 266
"../../../Engine/Plugins/Interchange/Assets/Content/Functions/MX_TranslucentBSDF.uasset" 267
"../../../Engine/Plugins/Interchange/Assets/Content/Functions/MX_TranslucentBSDF.uexp" 268
"../../../Engine/Plugins/Interchange/Assets/Content/Functions/MX_ThinFilmBSDF.uasset" 269
"../../../Engine/Plugins/Interchange/Assets/Content/Functions/MX_ThinFilmBSDF.uexp" 270
"../../../Engine/Plugins/Interchange/Assets/Content/Functions/MX_SurfaceUnlit.uasset" 271
"../../../Engine/Plugins/Interchange/Assets/Content/Functions/MX_SurfaceUnlit.uexp" 272
"../../../Engine/Plugins/Interchange/Assets/Content/Functions/MX_Surface.uasset" 273
"../../../Engine/Plugins/Interchange/Assets/Content/Functions/MX_Surface.uexp" 274
"../../../Engine/Plugins/Interchange/Assets/Content/Functions/MX_SubsurfaceBSDF.uasset" 275
"../../../Engine/Plugins/Interchange/Assets/Content/Functions/MX_SubsurfaceBSDF.uexp" 276
"../../../Engine/Plugins/Interchange/Assets/Content/Functions/MX_SheenBSDF.uasset" 277
"../../../Engine/Plugins/Interchange/Assets/Content/Functions/MX_SheenBSDF.uexp" 278
"../../../Engine/Plugins/Interchange/Assets/Content/Functions/MX_OrenNayarBSDF.uasset" 279
"../../../Engine/Plugins/Interchange/Assets/Content/Functions/MX_OrenNayarBSDF.uexp" 280
"../../../Engine/Plugins/Interchange/Assets/Content/Functions/MF_IridescenceNoLUT.uasset" 281
"../../../Engine/Plugins/Interchange/Assets/Content/Functions/MF_IridescenceNoLUT.uexp" 282
"../../../Engine/Plugins/Interchange/Assets/Content/Functions/MX_StandardSurface.uasset" 283
"../../../Engine/Plugins/Interchange/Assets/Content/Functions/MX_StandardSurface.uexp" 284
"../../../Engine/Plugins/Interchange/Assets/Content/Functions/MX_TransmissionSurface.uasset" 285
"../../../Engine/Plugins/Interchange/Assets/Content/Functions/MX_TransmissionSurface.uexp" 286
"../../../Engine/Plugins/Interchange/Assets/Content/Functions/MX_OpenPBR_Translucent.uasset" 287
"../../../Engine/Plugins/Interchange/Assets/Content/Functions/MX_OpenPBR_Translucent.uexp" 288
"../../../Engine/Plugins/Interchange/Assets/Content/Functions/MX_OpenPBR_Opaque.uasset" 289
"../../../Engine/Plugins/Interchange/Assets/Content/Functions/MX_OpenPBR_Opaque.uexp" 290
"../../../Engine/Plugins/Interchange/Assets/Content/Functions/MX_MeasuredEDF.uasset" 291
"../../../Engine/Plugins/Interchange/Assets/Content/Functions/MX_MeasuredEDF.uexp" 292
"../../../Engine/Plugins/Interchange/Assets/Content/Functions/MX_GeneralizedSchlickBSDF.uasset" 293
"../../../Engine/Plugins/Interchange/Assets/Content/Functions/MX_GeneralizedSchlickBSDF.uexp" 294
"../../../Engine/Plugins/Interchange/Assets/Content/Functions/MX_Displacement.uasset" 295
"../../../Engine/Plugins/Interchange/Assets/Content/Functions/MX_Displacement.uexp" 296
"../../../Engine/Plugins/Interchange/Assets/Content/Functions/MX_DielectricBSDF.uasset" 297
"../../../Engine/Plugins/Interchange/Assets/Content/Functions/MX_DielectricBSDF.uexp" 298
"../../../Engine/Plugins/Interchange/Assets/Content/Functions/MX_ConicalEDF.uasset" 299
"../../../Engine/Plugins/Interchange/Assets/Content/Functions/MX_ConicalEDF.uexp" 300
"../../../Engine/Plugins/Interchange/Assets/Content/Functions/MX_ConductorBSDF.uasset" 301
"../../../Engine/Plugins/Interchange/Assets/Content/Functions/MX_ConductorBSDF.uexp" 302
"../../../Engine/Plugins/Interchange/Assets/Content/Functions/MX_BurleyDiffuseBSDF.uasset" 303
"../../../Engine/Plugins/Interchange/Assets/Content/Functions/MX_BurleyDiffuseBSDF.uexp" 304
"../../../Engine/Plugins/Interchange/Assets/Content/Functions/MX_AnisotropicVDF.uasset" 305
"../../../Engine/Plugins/Interchange/Assets/Content/Functions/MX_AnisotropicVDF.uexp" 306
"../../../Engine/Plugins/Interchange/Assets/Content/Functions/MX_AbsorptionVDF.uasset" 307
"../../../Engine/Plugins/Interchange/Assets/Content/Functions/MX_AbsorptionVDF.uexp" 308
"../../../Engine/Content/Functions/Engine_MaterialFunctions02/Utility/BreakOutFloat3Components.uasset" 309
"../../../Engine/Content/Functions/Engine_MaterialFunctions02/Utility/BreakOutFloat3Components.uexp" 310
"../../../Engine/Content/Functions/Engine_MaterialFunctions02/Utility/VectorLength.uasset" 311
"../../../Engine/Content/Functions/Engine_MaterialFunctions02/Utility/VectorLength.uexp" 312
"../../../Engine/Content/Functions/Engine_MaterialFunctions02/WorldPositionOffset/ObjectScale.uasset" 313
"../../../Engine/Content/Functions/Engine_MaterialFunctions02/WorldPositionOffset/ObjectScale.uexp" 314
"../../../Engine/Content/Functions/Engine_MaterialFunctions02/SafeNormalize.uasset" 315
"../../../Engine/Content/Functions/Engine_MaterialFunctions02/SafeNormalize.uexp" 316
"../../../Engine/Plugins/Editor/SpeedTreeImporter/Content/SpeedTree9/UnpackInteger3.uasset" 317
"../../../Engine/Plugins/Editor/SpeedTreeImporter/Content/SpeedTree9/UnpackInteger3.uexp" 318
"../../../Engine/Plugins/Editor/SpeedTreeImporter/Content/SpeedTree9/UnpackDirection.uasset" 319
"../../../Engine/Plugins/Editor/SpeedTreeImporter/Content/SpeedTree9/UnpackDirection.uexp" 320
"../../../Engine/Plugins/Editor/SpeedTreeImporter/Content/SpeedTree9/game_wind_noise.ubulk" 321
"../../../Engine/Plugins/Editor/SpeedTreeImporter/Content/SpeedTree9/game_wind_noise.uasset" 322
"../../../Engine/Plugins/Editor/SpeedTreeImporter/Content/SpeedTree9/game_wind_noise.uexp" 323
"../../../Engine/Plugins/Editor/SpeedTreeImporter/Content/SpeedTree9/SpeedTreeWindMotion.uasset" 324
"../../../Engine/Plugins/Editor/SpeedTreeImporter/Content/SpeedTree9/SpeedTreeWindMotion.uexp" 325
"../../../Engine/Plugins/Editor/SpeedTreeImporter/Content/SpeedTree9/SpeedTreeBranchMotion.uasset" 326
"../../../Engine/Plugins/Editor/SpeedTreeImporter/Content/SpeedTree9/SpeedTreeBranchMotion.uexp" 327
"../../../Engine/Content/Functions/Engine_MaterialFunctions02/ObjectLocalBounds.uasset" 328
"../../../Engine/Content/Functions/Engine_MaterialFunctions02/ObjectLocalBounds.uexp" 329
"../../../Engine/Content/Functions/Engine_MaterialFunctions02/UVs/BoundingBoxBased_0-1_UVW.uasset" 330
"../../../Engine/Content/Functions/Engine_MaterialFunctions02/UVs/BoundingBoxBased_0-1_UVW.uexp" 331
"../../../Engine/Plugins/Editor/SpeedTreeImporter/Content/SpeedTree9/SpeedTreeWind.uasset" 332
"../../../Engine/Plugins/Editor/SpeedTreeImporter/Content/SpeedTree9/SpeedTreeWind.uexp" 333
"../../../Engine/Plugins/Editor/SpeedTreeImporter/Content/SpeedTree9/SpeedTreeCameraFacing.uasset" 334
"../../../Engine/Plugins/Editor/SpeedTreeImporter/Content/SpeedTree9/SpeedTreeCameraFacing.uexp" 335
"../../../Engine/Plugins/Editor/SpeedTreeImporter/Content/SpeedTree9/EmptyNormal.uasset" 336
"../../../Engine/Plugins/Editor/SpeedTreeImporter/Content/SpeedTree9/EmptyNormal.uexp" 337
"../../../Engine/Plugins/Editor/SpeedTreeImporter/Content/SpeedTree9/Empty.uasset" 338
"../../../Engine/Plugins/Editor/SpeedTreeImporter/Content/SpeedTree9/Empty.uexp" 339
"../../../Engine/Plugins/Editor/SpeedTreeImporter/Content/SpeedTree9/SpeedTreeMaster.uasset" 340
"../../../Engine/Plugins/Editor/SpeedTreeImporter/Content/SpeedTree9/SpeedTreeMaster.uexp" 341
"../../../Engine/Plugins/Editor/SpeedTreeImporter/Content/SpeedTree9/SpeedTreeBillboard.uasset" 342
"../../../Engine/Plugins/Editor/SpeedTreeImporter/Content/SpeedTree9/SpeedTreeBillboard.uexp" 343
"../../../Engine/Plugins/Editor/SpeedTreeImporter/Content/SpeedTree9/SpeedTreeBillboardMaster.uasset" 344
"../../../Engine/Plugins/Editor/SpeedTreeImporter/Content/SpeedTree9/SpeedTreeBillboardMaster.uexp" 345
"../../../Engine/Plugins/Animation/ControlRig/Content/Controls/ControlRigXRayMaterial.uasset" 346
"../../../Engine/Plugins/Animation/ControlRig/Content/Controls/ControlRigXRayMaterial.uexp" 347
"../../../Engine/Plugins/Animation/ControlRig/Content/Controls/ControlRigGizmoMaterial.uasset" 348
"../../../Engine/Plugins/Animation/ControlRig/Content/Controls/ControlRigGizmoMaterial.uexp" 349
"F:/Users/mihai/Documents/GitHub/Battle-Blaster/BattleBlaster/Content/Blueprints/WBP_ScreenMessage.uasset" 350
"F:/Users/mihai/Documents/GitHub/Battle-Blaster/BattleBlaster/Content/Blueprints/WBP_ScreenMessage.uexp" 351
"F:/Users/mihai/Documents/GitHub/Battle-Blaster/BattleBlaster/Content/Input/IA_Move.uasset" 352
"F:/Users/mihai/Documents/GitHub/Battle-Blaster/BattleBlaster/Content/Input/IA_Move.uexp" 353
"F:/Users/mihai/Documents/GitHub/Battle-Blaster/BattleBlaster/Content/Input/IA_Turn.uasset" 354
"F:/Users/mihai/Documents/GitHub/Battle-Blaster/BattleBlaster/Content/Input/IA_Turn.uexp" 355
"F:/Users/mihai/Documents/GitHub/Battle-Blaster/BattleBlaster/Content/Input/IA_FIre.uasset" 356
"F:/Users/mihai/Documents/GitHub/Battle-Blaster/BattleBlaster/Content/Input/IA_FIre.uexp" 357
"F:/Users/mihai/Documents/GitHub/Battle-Blaster/BattleBlaster/Content/Input/IMC_Default.uasset" 358
"F:/Users/mihai/Documents/GitHub/Battle-Blaster/BattleBlaster/Content/Input/IMC_Default.uexp" 359
"F:/Users/mihai/Documents/GitHub/Battle-Blaster/BattleBlaster/Content/Assets/Materials/M_ParticleBase.uasset" 360
"F:/Users/mihai/Documents/GitHub/Battle-Blaster/BattleBlaster/Content/Assets/Materials/M_ParticleBase.uexp" 361
"F:/Users/mihai/Documents/GitHub/Battle-Blaster/BattleBlaster/Content/Assets/Materials/M_Particle_Inst.uasset" 362
"F:/Users/mihai/Documents/GitHub/Battle-Blaster/BattleBlaster/Content/Assets/Materials/M_Particle_Inst.uexp" 363
"F:/Users/mihai/Documents/GitHub/Battle-Blaster/BattleBlaster/Content/Assets/Meshes/SM_Sphere.uasset" 364
"F:/Users/mihai/Documents/GitHub/Battle-Blaster/BattleBlaster/Content/Assets/Meshes/SM_Sphere.uexp" 365
"F:/Users/mihai/Documents/GitHub/Battle-Blaster/BattleBlaster/Content/Assets/Effects/P_DeathEffect.uasset" 366
"F:/Users/mihai/Documents/GitHub/Battle-Blaster/BattleBlaster/Content/Assets/Effects/P_DeathEffect.uexp" 367
"F:/Users/mihai/Documents/GitHub/Battle-Blaster/BattleBlaster/Content/Assets/Audio/Explode_Audio.ubulk" 368
"F:/Users/mihai/Documents/GitHub/Battle-Blaster/BattleBlaster/Content/Assets/Audio/Explode_Audio.uasset" 369
"F:/Users/mihai/Documents/GitHub/Battle-Blaster/BattleBlaster/Content/Assets/Audio/Explode_Audio.uexp" 370
"F:/Users/mihai/Documents/GitHub/Battle-Blaster/BattleBlaster/Content/Assets/Textures/T_ColourGrid.ubulk" 371
"F:/Users/mihai/Documents/GitHub/Battle-Blaster/BattleBlaster/Content/Assets/Textures/T_ColourGrid.uasset" 372
"F:/Users/mihai/Documents/GitHub/Battle-Blaster/BattleBlaster/Content/Assets/Textures/T_ColourGrid.uexp" 373
"F:/Users/mihai/Documents/GitHub/Battle-Blaster/BattleBlaster/Content/Assets/Materials/M_TextureBase.uasset" 374
"F:/Users/mihai/Documents/GitHub/Battle-Blaster/BattleBlaster/Content/Assets/Materials/M_TextureBase.uexp" 375
"F:/Users/mihai/Documents/GitHub/Battle-Blaster/BattleBlaster/Content/Assets/Materials/M_Texture_Inst.uasset" 376
"F:/Users/mihai/Documents/GitHub/Battle-Blaster/BattleBlaster/Content/Assets/Materials/M_Texture_Inst.uexp" 377
"F:/Users/mihai/Documents/GitHub/Battle-Blaster/BattleBlaster/Content/Assets/Materials/M_EmissiveBase.uasset" 378
"F:/Users/mihai/Documents/GitHub/Battle-Blaster/BattleBlaster/Content/Assets/Materials/M_EmissiveBase.uexp" 379
"F:/Users/mihai/Documents/GitHub/Battle-Blaster/BattleBlaster/Content/Assets/Materials/M_EmissiveRed_Inst.uasset" 380
"F:/Users/mihai/Documents/GitHub/Battle-Blaster/BattleBlaster/Content/Assets/Materials/M_EmissiveRed_Inst.uexp" 381
"F:/Users/mihai/Documents/GitHub/Battle-Blaster/BattleBlaster/Content/Assets/Meshes/SM_Projectile.uasset" 382
"F:/Users/mihai/Documents/GitHub/Battle-Blaster/BattleBlaster/Content/Assets/Meshes/SM_Projectile.uexp" 383
"F:/Users/mihai/Documents/GitHub/Battle-Blaster/BattleBlaster/Content/Assets/Effects/P_ProjectileTrail.uasset" 384
"F:/Users/mihai/Documents/GitHub/Battle-Blaster/BattleBlaster/Content/Assets/Effects/P_ProjectileTrail.uexp" 385
"F:/Users/mihai/Documents/GitHub/Battle-Blaster/BattleBlaster/Content/Assets/Effects/P_HitEffect.uasset" 386
"F:/Users/mihai/Documents/GitHub/Battle-Blaster/BattleBlaster/Content/Assets/Effects/P_HitEffect.uexp" 387
"F:/Users/mihai/Documents/GitHub/Battle-Blaster/BattleBlaster/Content/Assets/Audio/Thud_Audio.ubulk" 388
"F:/Users/mihai/Documents/GitHub/Battle-Blaster/BattleBlaster/Content/Assets/Audio/Thud_Audio.uasset" 389
"F:/Users/mihai/Documents/GitHub/Battle-Blaster/BattleBlaster/Content/Assets/Audio/Thud_Audio.uexp" 390
"F:/Users/mihai/Documents/GitHub/Battle-Blaster/BattleBlaster/Content/Blueprints/BP_HitCameraShake.uasset" 391
"F:/Users/mihai/Documents/GitHub/Battle-Blaster/BattleBlaster/Content/Blueprints/BP_HitCameraShake.uexp" 392
"F:/Users/mihai/Documents/GitHub/Battle-Blaster/BattleBlaster/Content/Blueprints/BP_Projectile.uasset" 393
"F:/Users/mihai/Documents/GitHub/Battle-Blaster/BattleBlaster/Content/Blueprints/BP_Projectile.uexp" 394
"F:/Users/mihai/Documents/GitHub/Battle-Blaster/BattleBlaster/Content/Blueprints/BP_DeathCameraShake.uasset" 395
"F:/Users/mihai/Documents/GitHub/Battle-Blaster/BattleBlaster/Content/Blueprints/BP_DeathCameraShake.uexp" 396
"F:/Users/mihai/Documents/GitHub/Battle-Blaster/BattleBlaster/Content/Assets/Materials/M_EmissiveGreen_Inst.uasset" 397
"F:/Users/mihai/Documents/GitHub/Battle-Blaster/BattleBlaster/Content/Assets/Materials/M_EmissiveGreen_Inst.uexp" 398
"F:/Users/mihai/Documents/GitHub/Battle-Blaster/BattleBlaster/Content/Assets/Meshes/SM_TankTurret.uasset" 399
"F:/Users/mihai/Documents/GitHub/Battle-Blaster/BattleBlaster/Content/Assets/Meshes/SM_TankTurret.uexp" 400
"F:/Users/mihai/Documents/GitHub/Battle-Blaster/BattleBlaster/Content/Assets/Meshes/SM_TankBase.uasset" 401
"F:/Users/mihai/Documents/GitHub/Battle-Blaster/BattleBlaster/Content/Assets/Meshes/SM_TankBase.uexp" 402
"F:/Users/mihai/Documents/GitHub/Battle-Blaster/BattleBlaster/Content/Blueprints/BP_Tank.uasset" 403
"F:/Users/mihai/Documents/GitHub/Battle-Blaster/BattleBlaster/Content/Blueprints/BP_Tank.uexp" 404
"F:/Users/mihai/Documents/GitHub/Battle-Blaster/BattleBlaster/Content/Blueprints/BP_BattleBlasterPlayerController.uasset" 405
"F:/Users/mihai/Documents/GitHub/Battle-Blaster/BattleBlaster/Content/Blueprints/BP_BattleBlasterPlayerController.uexp" 406
"F:/Users/mihai/Documents/GitHub/Battle-Blaster/BattleBlaster/Content/Blueprints/BP_GameMode.uasset" 407
"F:/Users/mihai/Documents/GitHub/Battle-Blaster/BattleBlaster/Content/Blueprints/BP_GameMode.uexp" 408
"F:/Users/mihai/Documents/GitHub/Battle-Blaster/BattleBlaster/Content/Blueprints/BP_BattleBlasterGameInstance.uasset" 409
"F:/Users/mihai/Documents/GitHub/Battle-Blaster/BattleBlaster/Content/Blueprints/BP_BattleBlasterGameInstance.uexp" 410
"../../../Engine/Plugins/VirtualProduction/CameraCalibrationCore/Content/Materials/M_DefaultOddSquare.uasset" 411
"../../../Engine/Plugins/VirtualProduction/CameraCalibrationCore/Content/Materials/M_DefaultOddSquare.uexp" 412
"../../../Engine/Plugins/VirtualProduction/CameraCalibrationCore/Content/Materials/M_DefaultEvenSquare.uasset" 413
"../../../Engine/Plugins/VirtualProduction/CameraCalibrationCore/Content/Materials/M_DefaultEvenSquare.uexp" 414
"../../../Engine/Plugins/Runtime/HairStrands/Content/Materials/HairMeshesDefaultMaterial.uasset" 415
"../../../Engine/Plugins/Runtime/HairStrands/Content/Materials/HairMeshesDefaultMaterial.uexp" 416
"../../../Engine/Plugins/Runtime/HairStrands/Content/Materials/HairDefaultMaterial.uasset" 417
"../../../Engine/Plugins/Runtime/HairStrands/Content/Materials/HairDefaultMaterial.uexp" 418
"../../../Engine/Content/Functions/Engine_MaterialFunctions02/Utility/MakeFloat3.uasset" 419
"../../../Engine/Content/Functions/Engine_MaterialFunctions02/Utility/MakeFloat3.uexp" 420
"../../../Engine/Content/Functions/Engine_MaterialFunctions02/Utility/MakeFloat2.uasset" 421
"../../../Engine/Content/Functions/Engine_MaterialFunctions02/Utility/MakeFloat2.uexp" 422
"../../../Engine/Content/EngineMaterials/HairDebugColor.uasset" 423
"../../../Engine/Content/EngineMaterials/HairDebugColor.uexp" 424
"../../../Engine/Content/EngineMaterials/HairColorMap.uasset" 425
"../../../Engine/Content/EngineMaterials/HairColorMap.uexp" 426
"../../../Engine/Plugins/Runtime/HairStrands/Content/Materials/HairGroupColors.uasset" 427
"../../../Engine/Plugins/Runtime/HairStrands/Content/Materials/HairGroupColors.uexp" 428
"../../../Engine/Plugins/Runtime/HairStrands/Content/Materials/HairDebugMaterial.uasset" 429
"../../../Engine/Plugins/Runtime/HairStrands/Content/Materials/HairDebugMaterial.uexp" 430
"../../../Engine/Plugins/Runtime/HairStrands/Content/Materials/HairCardsDefaultMaterial.uasset" 431
"../../../Engine/Plugins/Runtime/HairStrands/Content/Materials/HairCardsDefaultMaterial.uexp" 432
"../../../Engine/Plugins/Runtime/AudioWidgets/Content/Resources/ScrubHandleDown_Clamped.uasset" 433
"../../../Engine/Plugins/Runtime/AudioWidgets/Content/Resources/ScrubHandleDown_Clamped.uexp" 434
"../../../Engine/Content/EditorMaterials/ParticleSystems/PSysThumbnail_OOD.ubulk" 435
"../../../Engine/Content/EditorMaterials/ParticleSystems/PSysThumbnail_OOD.uasset" 436
"../../../Engine/Content/EditorMaterials/ParticleSystems/PSysThumbnail_OOD.uexp" 437
"../../../Engine/Content/EditorMaterials/ParticleSystems/PSysThumbnail_NoImage.ubulk" 438
"../../../Engine/Content/EditorMaterials/ParticleSystems/PSysThumbnail_NoImage.uasset" 439
"../../../Engine/Content/EditorMaterials/ParticleSystems/PSysThumbnail_NoImage.uexp" 440
"../../../Engine/Content/EditorMaterials/Dataflow/DataflowVertexMaterial.uasset" 441
"../../../Engine/Content/EditorMaterials/Dataflow/DataflowVertexMaterial.uexp" 442
"../../../Engine/Content/EditorMaterials/Dataflow/DataflowTwoSidedVertexMaterial.uasset" 443
"../../../Engine/Content/EditorMaterials/Dataflow/DataflowTwoSidedVertexMaterial.uexp" 444
"../../../Engine/Content/EngineResources/FilmGrains/Marcie_Grain_v3_128_M2_000.uasset" 445
"../../../Engine/Content/EngineResources/FilmGrains/Marcie_Grain_v3_128_M2_000.uexp" 446
"../../../Engine/Content/EngineResources/Development/ZenLogo_64.uasset" 447
"../../../Engine/Content/EngineResources/Development/ZenLogo_64.uexp" 448
"../../../Engine/Content/EngineMaterials/LTC/Sheen_LTC.uasset" 449
"../../../Engine/Content/EngineMaterials/LTC/Sheen_LTC.uexp" 450
"../../../Engine/Content/EngineMaterials/LTC/GGX_LTCMat.uasset" 451
"../../../Engine/Content/EngineMaterials/LTC/GGX_LTCMat.uexp" 452
"../../../Engine/Content/EngineMaterials/LTC/GGX_LTCAmp.uasset" 453
"../../../Engine/Content/EngineMaterials/LTC/GGX_LTCAmp.uexp" 454
"../../../Engine/Content/EngineMaterials/EnergyConservation/Sheen_Energy.uasset" 455
"../../../Engine/Content/EngineMaterials/EnergyConservation/Sheen_Energy.uexp" 456
"../../../Engine/Content/EngineMaterials/EnergyConservation/SheenLegacy_Energy.uasset" 457
"../../../Engine/Content/EngineMaterials/EnergyConservation/SheenLegacy_Energy.uexp" 458
"../../../Engine/Content/EngineMaterials/EnergyConservation/GGX_TransmissionEnergyArray.uasset" 459
"../../../Engine/Content/EngineMaterials/EnergyConservation/GGX_TransmissionEnergyArray.uexp" 460
"../../../Engine/Content/EngineMaterials/EnergyConservation/GGX_ReflectionEnergy.uasset" 461
"../../../Engine/Content/EngineMaterials/EnergyConservation/GGX_ReflectionEnergy.uexp" 462
"../../../Engine/Content/EngineMaterials/EnergyConservation/Diffuse_Energy.uasset" 463
"../../../Engine/Content/EngineMaterials/EnergyConservation/Diffuse_Energy.uexp" 464
"../../../Engine/Content/EditorResources/SequenceRecorder/RecordingIndicator.uasset" 465
"../../../Engine/Content/EditorResources/SequenceRecorder/RecordingIndicator.uexp" 466
"../../../Engine/Content/EditorResources/SequenceRecorder/Countdown.uasset" 467
"../../../Engine/Content/EditorResources/SequenceRecorder/Countdown.uexp" 468
"../../../Engine/Content/Functions/Engine_MaterialFunctions01/Shading/PowerToRoughness.uasset" 469
"../../../Engine/Content/Functions/Engine_MaterialFunctions01/Shading/PowerToRoughness.uexp" 470
"../../../Engine/Content/Functions/Engine_MaterialFunctions01/Shading/ConvertFromDiffSpec.uasset" 471
"../../../Engine/Content/Functions/Engine_MaterialFunctions01/Shading/ConvertFromDiffSpec.uexp" 472
"../../../Engine/Content/EngineMaterials/T_Default_Material_Grid_M.ubulk" 473
"../../../Engine/Content/EngineMaterials/T_Default_Material_Grid_M.uasset" 474
"../../../Engine/Content/EngineMaterials/T_Default_Material_Grid_M.uexp" 475
"../../../Engine/Content/Functions/Engine_MaterialFunctions01/Opacity/CameraDepthFade.uasset" 476
"../../../Engine/Content/Functions/Engine_MaterialFunctions01/Opacity/CameraDepthFade.uexp" 477
"../../../Engine/Content/EngineMaterials/T_Default_Material_Grid_N.ubulk" 478
"../../../Engine/Content/EngineMaterials/T_Default_Material_Grid_N.uasset" 479
"../../../Engine/Content/EngineMaterials/T_Default_Material_Grid_N.uexp" 480
"../../../Engine/Content/EngineMaterials/WorldGridMaterial.uasset" 481
"../../../Engine/Content/EngineMaterials/WorldGridMaterial.uexp" 482
"../../../Engine/Content/ArtTools/RenderToTexture/Meshes/S_1_Unit_Plane.uasset" 483
"../../../Engine/Content/ArtTools/RenderToTexture/Meshes/S_1_Unit_Plane.uexp" 484
"../../../Engine/Content/EngineMeshes/Sphere.uasset" 485
"../../../Engine/Content/EngineMeshes/Sphere.uexp" 486
"../../../Engine/Content/EngineMaterials/Substrate/GLints/AGlintTex2dArray.uasset" 487
"../../../Engine/Content/EngineMaterials/Substrate/GLints/AGlintTex2dArray.uexp" 488
"../../../Engine/Content/EngineMaterials/Substrate/Glints2/AGlintTex2dArray2.uasset" 489
"../../../Engine/Content/EngineMaterials/Substrate/Glints2/AGlintTex2dArray2.uexp" 490
"../../../Engine/Content/VREditor/TransformGizmo/TranslucentTransformGizmoMaterial.uasset" 491
"../../../Engine/Content/VREditor/TransformGizmo/TranslucentTransformGizmoMaterial.uexp" 492
"../../../Engine/Content/VREditor/LaserPointer/VR_LaserPower_01.ubulk" 493
"../../../Engine/Content/VREditor/LaserPointer/VR_LaserPower_01.uasset" 494
"../../../Engine/Content/VREditor/LaserPointer/VR_LaserPower_01.uexp" 495
"../../../Engine/Content/VREditor/TransformGizmo/TransformGizmoMaterial.uasset" 496
"../../../Engine/Content/VREditor/TransformGizmo/TransformGizmoMaterial.uexp" 497
"../../../Engine/Content/VREditor/TransformGizmo/BoundingBoxCorner.uasset" 498
"../../../Engine/Content/VREditor/TransformGizmo/BoundingBoxCorner.uexp" 499
"../../../Engine/Content/VREditor/TransformGizmo/BoundingBoxEdge.uasset" 500
"../../../Engine/Content/VREditor/TransformGizmo/BoundingBoxEdge.uexp" 501
"../../../Engine/Content/VREditor/TransformGizmo/Xray.uasset" 502
"../../../Engine/Content/VREditor/TransformGizmo/Xray.uexp" 503
"../../../Engine/Content/VREditor/TransformGizmo/Main.uasset" 504
"../../../Engine/Content/VREditor/TransformGizmo/Main.uexp" 505
"../../../Engine/Content/VREditor/TransformGizmo/SM_Sequencer_Node.uasset" 506
"../../../Engine/Content/VREditor/TransformGizmo/SM_Sequencer_Node.uexp" 507
"../../../Engine/Content/EditorMaterials/Camera/CineMat.uasset" 508
"../../../Engine/Content/EditorMaterials/Camera/CineMat.uexp" 509
"../../../Engine/Content/EditorMaterials/Camera/MI_CineMat_Rig.uasset" 510
"../../../Engine/Content/EditorMaterials/Camera/MI_CineMat_Rig.uexp" 511
"../../../Engine/Content/EditorMeshes/Camera/SM_CraneRig_Arm.uasset" 512
"../../../Engine/Content/EditorMeshes/Camera/SM_CraneRig_Arm.uexp" 513
"../../../Engine/Content/EditorMeshes/Camera/SM_CraneRig_Base.uasset" 514
"../../../Engine/Content/EditorMeshes/Camera/SM_CraneRig_Base.uexp" 515
"../../../Engine/Content/EditorMeshes/Camera/SM_CraneRig_Body.uasset" 516
"../../../Engine/Content/EditorMeshes/Camera/SM_CraneRig_Body.uexp" 517
"../../../Engine/Content/EditorMeshes/Camera/SM_CraneRig_Mount.uasset" 518
"../../../Engine/Content/EditorMeshes/Camera/SM_CraneRig_Mount.uexp" 519
"../../../Engine/Content/EditorMeshes/Camera/SM_RailRig_Mount.uasset" 520
"../../../Engine/Content/EditorMeshes/Camera/SM_RailRig_Mount.uexp" 521
"../../../Engine/Content/EditorMeshes/Camera/SM_RailRig_Track.uasset" 522
"../../../Engine/Content/EditorMeshes/Camera/SM_RailRig_Track.uexp" 523
"../../../Engine/Plugins/Animation/ControlRig/Content/Controls/ControlRig_Arrow2_1mm.uasset" 524
"../../../Engine/Plugins/Animation/ControlRig/Content/Controls/ControlRig_Arrow2_1mm.uexp" 525
"../../../Engine/Plugins/Animation/ControlRig/Content/Controls/ControlRig_Arrow2_3mm.uasset" 526
"../../../Engine/Plugins/Animation/ControlRig/Content/Controls/ControlRig_Arrow2_3mm.uexp" 527
"../../../Engine/Plugins/Animation/ControlRig/Content/Controls/ControlRig_Arrow2_solid.uasset" 528
"../../../Engine/Plugins/Animation/ControlRig/Content/Controls/ControlRig_Arrow2_solid.uexp" 529
"../../../Engine/Plugins/Animation/ControlRig/Content/Controls/ControlRig_Arrow4_1mm.uasset" 530
"../../../Engine/Plugins/Animation/ControlRig/Content/Controls/ControlRig_Arrow4_1mm.uexp" 531
"../../../Engine/Plugins/Animation/ControlRig/Content/Controls/ControlRig_Arrow4_3mm.uasset" 532
"../../../Engine/Plugins/Animation/ControlRig/Content/Controls/ControlRig_Arrow4_3mm.uexp" 533
"../../../Engine/Plugins/Animation/ControlRig/Content/Controls/ControlRig_Arrow4_solid.uasset" 534
"../../../Engine/Plugins/Animation/ControlRig/Content/Controls/ControlRig_Arrow4_solid.uexp" 535
"../../../Engine/Plugins/Animation/ControlRig/Content/Controls/ControlRig_Arrow_1mm.uasset" 536
"../../../Engine/Plugins/Animation/ControlRig/Content/Controls/ControlRig_Arrow_1mm.uexp" 537
"../../../Engine/Plugins/Animation/ControlRig/Content/Controls/ControlRig_Arrow_3mm.uasset" 538
"../../../Engine/Plugins/Animation/ControlRig/Content/Controls/ControlRig_Arrow_3mm.uexp" 539
"../../../Engine/Plugins/Animation/ControlRig/Content/Controls/ControlRig_Arrow_solid.uasset" 540
"../../../Engine/Plugins/Animation/ControlRig/Content/Controls/ControlRig_Arrow_solid.uexp" 541
"../../../Engine/Plugins/Animation/ControlRig/Content/Controls/ControlRig_Box_1mm.uasset" 542
"../../../Engine/Plugins/Animation/ControlRig/Content/Controls/ControlRig_Box_1mm.uexp" 543
"../../../Engine/Plugins/Animation/ControlRig/Content/Controls/ControlRig_Box_3mm.uasset" 544
"../../../Engine/Plugins/Animation/ControlRig/Content/Controls/ControlRig_Box_3mm.uexp" 545
"../../../Engine/Plugins/Animation/ControlRig/Content/Controls/ControlRig_Box_solid.uasset" 546
"../../../Engine/Plugins/Animation/ControlRig/Content/Controls/ControlRig_Box_solid.uexp" 547
"../../../Engine/Plugins/Animation/ControlRig/Content/Controls/ControlRig_Circle_1mm.uasset" 548
"../../../Engine/Plugins/Animation/ControlRig/Content/Controls/ControlRig_Circle_1mm.uexp" 549
"../../../Engine/Plugins/Animation/ControlRig/Content/Controls/ControlRig_Circle_3mm.uasset" 550
"../../../Engine/Plugins/Animation/ControlRig/Content/Controls/ControlRig_Circle_3mm.uexp" 551
"../../../Engine/Plugins/Animation/ControlRig/Content/Controls/ControlRig_Circle_solid.uasset" 552
"../../../Engine/Plugins/Animation/ControlRig/Content/Controls/ControlRig_Circle_solid.uexp" 553
"../../../Engine/Plugins/Animation/ControlRig/Content/Controls/ControlRig_Diamond_1mm.uasset" 554
"../../../Engine/Plugins/Animation/ControlRig/Content/Controls/ControlRig_Diamond_1mm.uexp" 555
"../../../Engine/Plugins/Animation/ControlRig/Content/Controls/ControlRig_Diamond_3mm.uasset" 556
"../../../Engine/Plugins/Animation/ControlRig/Content/Controls/ControlRig_Diamond_3mm.uexp" 557
"../../../Engine/Plugins/Animation/ControlRig/Content/Controls/ControlRig_Diamond_solid.uasset" 558
"../../../Engine/Plugins/Animation/ControlRig/Content/Controls/ControlRig_Diamond_solid.uexp" 559
"../../../Engine/Plugins/Animation/ControlRig/Content/Controls/ControlRig_HalfCircle_1mm.uasset" 560
"../../../Engine/Plugins/Animation/ControlRig/Content/Controls/ControlRig_HalfCircle_1mm.uexp" 561
"../../../Engine/Plugins/Animation/ControlRig/Content/Controls/ControlRig_HalfCircle_3mm.uasset" 562
"../../../Engine/Plugins/Animation/ControlRig/Content/Controls/ControlRig_HalfCircle_3mm.uexp" 563
"../../../Engine/Plugins/Animation/ControlRig/Content/Controls/ControlRig_HalfCircle_solid.uasset" 564
"../../../Engine/Plugins/Animation/ControlRig/Content/Controls/ControlRig_HalfCircle_solid.uexp" 565
"../../../Engine/Plugins/Animation/ControlRig/Content/Controls/ControlRig_Hexagon_1mm.uasset" 566
"../../../Engine/Plugins/Animation/ControlRig/Content/Controls/ControlRig_Hexagon_1mm.uexp" 567
"../../../Engine/Plugins/Animation/ControlRig/Content/Controls/ControlRig_Hexagon_3mm.uasset" 568
"../../../Engine/Plugins/Animation/ControlRig/Content/Controls/ControlRig_Hexagon_3mm.uexp" 569
"../../../Engine/Plugins/Animation/ControlRig/Content/Controls/ControlRig_Hexagon_solid.uasset" 570
"../../../Engine/Plugins/Animation/ControlRig/Content/Controls/ControlRig_Hexagon_solid.uexp" 571
"../../../Engine/Plugins/Animation/ControlRig/Content/Controls/ControlRig_Octagon_1mm.uasset" 572
"../../../Engine/Plugins/Animation/ControlRig/Content/Controls/ControlRig_Octagon_1mm.uexp" 573
"../../../Engine/Plugins/Animation/ControlRig/Content/Controls/ControlRig_Octagon_3mm.uasset" 574
"../../../Engine/Plugins/Animation/ControlRig/Content/Controls/ControlRig_Octagon_3mm.uexp" 575
"../../../Engine/Plugins/Animation/ControlRig/Content/Controls/ControlRig_Octagon_solid.uasset" 576
"../../../Engine/Plugins/Animation/ControlRig/Content/Controls/ControlRig_Octagon_solid.uexp" 577
"../../../Engine/Plugins/Animation/ControlRig/Content/Controls/ControlRig_Pyramid_1mm.uasset" 578
"../../../Engine/Plugins/Animation/ControlRig/Content/Controls/ControlRig_Pyramid_1mm.uexp" 579
"../../../Engine/Plugins/Animation/ControlRig/Content/Controls/ControlRig_Pyramid_3mm.uasset" 580
"../../../Engine/Plugins/Animation/ControlRig/Content/Controls/ControlRig_Pyramid_3mm.uexp" 581
"../../../Engine/Plugins/Animation/ControlRig/Content/Controls/ControlRig_Pyramid_solid.uasset" 582
"../../../Engine/Plugins/Animation/ControlRig/Content/Controls/ControlRig_Pyramid_solid.uexp" 583
"../../../Engine/Plugins/Animation/ControlRig/Content/Controls/ControlRig_QuarterCircle_1mm.uasset" 584
"../../../Engine/Plugins/Animation/ControlRig/Content/Controls/ControlRig_QuarterCircle_1mm.uexp" 585
"../../../Engine/Plugins/Animation/ControlRig/Content/Controls/ControlRig_QuarterCircle_3mm.uasset" 586
"../../../Engine/Plugins/Animation/ControlRig/Content/Controls/ControlRig_QuarterCircle_3mm.uexp" 587
"../../../Engine/Plugins/Animation/ControlRig/Content/Controls/ControlRig_QuarterCircle_solid.uasset" 588
"../../../Engine/Plugins/Animation/ControlRig/Content/Controls/ControlRig_QuarterCircle_solid.uexp" 589
"../../../Engine/Plugins/Animation/ControlRig/Content/Controls/ControlRig_RoundedSquare_1mm.uasset" 590
"../../../Engine/Plugins/Animation/ControlRig/Content/Controls/ControlRig_RoundedSquare_1mm.uexp" 591
"../../../Engine/Plugins/Animation/ControlRig/Content/Controls/ControlRig_RoundedSquare_3mm.uasset" 592
"../../../Engine/Plugins/Animation/ControlRig/Content/Controls/ControlRig_RoundedSquare_3mm.uexp" 593
"../../../Engine/Plugins/Animation/ControlRig/Content/Controls/ControlRig_RoundedSquare_solid.uasset" 594
"../../../Engine/Plugins/Animation/ControlRig/Content/Controls/ControlRig_RoundedSquare_solid.uexp" 595
"../../../Engine/Plugins/Animation/ControlRig/Content/Controls/ControlRig_RoundedTriangle_1mm.uasset" 596
"../../../Engine/Plugins/Animation/ControlRig/Content/Controls/ControlRig_RoundedTriangle_1mm.uexp" 597
"../../../Engine/Plugins/Animation/ControlRig/Content/Controls/ControlRig_RoundedTriangle_3mm.uasset" 598
"../../../Engine/Plugins/Animation/ControlRig/Content/Controls/ControlRig_RoundedTriangle_3mm.uexp" 599
"../../../Engine/Plugins/Animation/ControlRig/Content/Controls/ControlRig_RoundedTriangle_solid.uasset" 600
"../../../Engine/Plugins/Animation/ControlRig/Content/Controls/ControlRig_RoundedTriangle_solid.uexp" 601
"../../../Engine/Plugins/Animation/ControlRig/Content/Controls/ControlRig_Sphere_1mm.uasset" 602
"../../../Engine/Plugins/Animation/ControlRig/Content/Controls/ControlRig_Sphere_1mm.uexp" 603
"../../../Engine/Plugins/Animation/ControlRig/Content/Controls/ControlRig_Sphere_3mm.uasset" 604
"../../../Engine/Plugins/Animation/ControlRig/Content/Controls/ControlRig_Sphere_3mm.uexp" 605
"../../../Engine/Plugins/Animation/ControlRig/Content/Controls/ControlRig_Sphere_solid.uasset" 606
"../../../Engine/Plugins/Animation/ControlRig/Content/Controls/ControlRig_Sphere_solid.uexp" 607
"../../../Engine/Plugins/Animation/ControlRig/Content/Controls/ControlRig_Square_1mm.uasset" 608
"../../../Engine/Plugins/Animation/ControlRig/Content/Controls/ControlRig_Square_1mm.uexp" 609
"../../../Engine/Plugins/Animation/ControlRig/Content/Controls/ControlRig_Square_3mm.uasset" 610
"../../../Engine/Plugins/Animation/ControlRig/Content/Controls/ControlRig_Square_3mm.uexp" 611
"../../../Engine/Plugins/Animation/ControlRig/Content/Controls/ControlRig_Square_solid.uasset" 612
"../../../Engine/Plugins/Animation/ControlRig/Content/Controls/ControlRig_Square_solid.uexp" 613
"../../../Engine/Plugins/Animation/ControlRig/Content/Controls/ControlRig_Star4_1mm.uasset" 614
"../../../Engine/Plugins/Animation/ControlRig/Content/Controls/ControlRig_Star4_1mm.uexp" 615
"../../../Engine/Plugins/Animation/ControlRig/Content/Controls/ControlRig_Star4_3mm.uasset" 616
"../../../Engine/Plugins/Animation/ControlRig/Content/Controls/ControlRig_Star4_3mm.uexp" 617
"../../../Engine/Plugins/Animation/ControlRig/Content/Controls/ControlRig_Star4_solid.uasset" 618
"../../../Engine/Plugins/Animation/ControlRig/Content/Controls/ControlRig_Star4_solid.uexp" 619
"../../../Engine/Plugins/Animation/ControlRig/Content/Controls/ControlRig_Triangle_1mm.uasset" 620
"../../../Engine/Plugins/Animation/ControlRig/Content/Controls/ControlRig_Triangle_1mm.uexp" 621
"../../../Engine/Plugins/Animation/ControlRig/Content/Controls/ControlRig_Triangle_3mm.uasset" 622
"../../../Engine/Plugins/Animation/ControlRig/Content/Controls/ControlRig_Triangle_3mm.uexp" 623
"../../../Engine/Plugins/Animation/ControlRig/Content/Controls/ControlRig_Triangle_solid.uasset" 624
"../../../Engine/Plugins/Animation/ControlRig/Content/Controls/ControlRig_Triangle_solid.uexp" 625
"../../../Engine/Plugins/Animation/ControlRig/Content/Controls/ControlRig_Wedge_1mm.uasset" 626
"../../../Engine/Plugins/Animation/ControlRig/Content/Controls/ControlRig_Wedge_1mm.uexp" 627
"../../../Engine/Plugins/Animation/ControlRig/Content/Controls/ControlRig_Wedge_3mm.uasset" 628
"../../../Engine/Plugins/Animation/ControlRig/Content/Controls/ControlRig_Wedge_3mm.uexp" 629
"../../../Engine/Plugins/Animation/ControlRig/Content/Controls/ControlRig_Wedge_solid.uasset" 630
"../../../Engine/Plugins/Animation/ControlRig/Content/Controls/ControlRig_Wedge_solid.uexp" 631
"../../../Engine/Content/EngineMaterials/WeightMapPlaceholderTexture.uasset" 632
"../../../Engine/Content/EngineMaterials/WeightMapPlaceholderTexture.uexp" 633
"../../../Engine/Content/EngineMaterials/WeightMapArrayPlaceholderTexture.uasset" 634
"../../../Engine/Content/EngineMaterials/WeightMapArrayPlaceholderTexture.uexp" 635
"../../../Engine/Content/EngineResources/WhiteSquareTexture.uasset" 636
"../../../Engine/Content/EngineResources/WhiteSquareTexture.uexp" 637
"../../../Engine/Content/EngineMaterials/Widget3DPassThrough.uasset" 638
"../../../Engine/Content/EngineMaterials/Widget3DPassThrough.uexp" 639
"../../../Engine/Content/EngineMaterials/Widget3DPassThrough_Masked.uasset" 640
"../../../Engine/Content/EngineMaterials/Widget3DPassThrough_Masked.uexp" 641
"../../../Engine/Content/EngineMaterials/Widget3DPassThrough_Opaque.uasset" 642
"../../../Engine/Content/EngineMaterials/Widget3DPassThrough_Opaque.uexp" 643
"../../../Engine/Content/EngineMaterials/Widget3DPassThrough_Masked_OneSided.uasset" 644
"../../../Engine/Content/EngineMaterials/Widget3DPassThrough_Masked_OneSided.uexp" 645
"../../../Engine/Content/EngineMaterials/Widget3DPassThrough_Opaque_OneSided.uasset" 646
"../../../Engine/Content/EngineMaterials/Widget3DPassThrough_Opaque_OneSided.uexp" 647
"../../../Engine/Content/EngineMaterials/Widget3DPassThrough_Translucent.uasset" 648
"../../../Engine/Content/EngineMaterials/Widget3DPassThrough_Translucent.uexp" 649
"../../../Engine/Content/EngineMaterials/Widget3DPassThrough_Translucent_OneSided.uasset" 650
"../../../Engine/Content/EngineMaterials/Widget3DPassThrough_Translucent_OneSided.uexp" 651
"../../../Engine/Content/EditorLandscapeResources/ColorMaskBrushMaterial.uasset" 652
"../../../Engine/Content/EditorLandscapeResources/ColorMaskBrushMaterial.uexp" 653
"../../../Engine/Content/EditorLandscapeResources/ColorMaskBrushMaterial_MaskedRegion.uasset" 654
"../../../Engine/Content/EditorLandscapeResources/ColorMaskBrushMaterial_MaskedRegion.uexp" 655
"../../../Engine/Content/Functions/Engine_MaterialFunctions03/Math/WithinRangeFloat2.uasset" 656
"../../../Engine/Content/Functions/Engine_MaterialFunctions03/Math/WithinRangeFloat2.uexp" 657
"../../../Engine/Content/EditorLandscapeResources/MaskBrushMaterial.uasset" 658
"../../../Engine/Content/EditorLandscapeResources/MaskBrushMaterial.uexp" 659
"../../../Engine/Content/EditorLandscapeResources/MaskBrushMaterial_MaskedRegion.uasset" 660
"../../../Engine/Content/EditorLandscapeResources/MaskBrushMaterial_MaskedRegion.uexp" 661
"../../../Engine/Content/EditorLandscapeResources/SelectBrushMaterial.uasset" 662
"../../../Engine/Content/EditorLandscapeResources/SelectBrushMaterial.uexp" 663
"../../../Engine/Content/EditorLandscapeResources/SelectBrushMaterial_Selected.uasset" 664
"../../../Engine/Content/EditorLandscapeResources/SelectBrushMaterial_Selected.uexp" 665
"../../../Engine/Content/EditorLandscapeResources/SelectBrushMaterial_SelectedRegion.uasset" 666
"../../../Engine/Content/EditorLandscapeResources/SelectBrushMaterial_SelectedRegion.uexp" 667
"../../../Engine/Content/EditorLandscapeResources/SplineEditorMeshMat.uasset" 668
"../../../Engine/Content/EditorLandscapeResources/SplineEditorMeshMat.uexp" 669
"../../../Engine/Content/EditorLandscapeResources/SplineEditorMesh.uasset" 670
"../../../Engine/Content/EditorLandscapeResources/SplineEditorMesh.uexp" 671
"../../../Engine/Content/EngineMaterials/DefaultMaterial.uasset" 672
"../../../Engine/Content/EngineMaterials/DefaultMaterial.uexp" 673
"../../../Engine/Content/BasicShapes/Cone.uasset" 674
"../../../Engine/Content/BasicShapes/Cone.uexp" 675
"../../../Engine/Content/BasicShapes/Cylinder.uasset" 676
"../../../Engine/Content/BasicShapes/Cylinder.uexp" 677
"../../../Engine/Content/BasicShapes/Plane.uasset" 678
"../../../Engine/Content/BasicShapes/Plane.uexp" 679
"../../../Engine/Content/BasicShapes/Sphere.uasset" 680
"../../../Engine/Content/BasicShapes/Sphere.uexp" 681
"../../../Engine/Plugins/Media/MediaPlate/Content/SM_MediaPlateScreen.uasset" 682
"../../../Engine/Plugins/Media/MediaPlate/Content/SM_MediaPlateScreen.uexp" 683
"../../../Engine/Plugins/2D/Paper2D/Content/DefaultSpriteMaterial.uasset" 684
"../../../Engine/Plugins/2D/Paper2D/Content/DefaultSpriteMaterial.uexp" 685
"../../../Engine/Plugins/2D/Paper2D/Content/MaskedUnlitSpriteMaterial.uasset" 686
"../../../Engine/Plugins/2D/Paper2D/Content/MaskedUnlitSpriteMaterial.uexp" 687
"../../../Engine/Plugins/2D/Paper2D/Content/OpaqueUnlitSpriteMaterial.uasset" 688
"../../../Engine/Plugins/2D/Paper2D/Content/OpaqueUnlitSpriteMaterial.uexp" 689
"../../../Engine/Content/EngineResources/DefaultVolumeTexture2D.uasset" 690
"../../../Engine/Content/EngineResources/DefaultVolumeTexture2D.uexp" 691
"../../../Engine/Content/EngineResources/DefaultVolumeTexture.uasset" 692
"../../../Engine/Content/EngineResources/DefaultVolumeTexture.uexp" 693
"../../../Engine/Content/EngineResources/DefaultTextureCube.uasset" 694
"../../../Engine/Content/EngineResources/DefaultTextureCube.uexp" 695
"../../../Engine/Plugins/Interchange/Assets/Content/gltf/Textures/T_White_srgb.uasset" 696
"../../../Engine/Plugins/Interchange/Assets/Content/gltf/Textures/T_White_srgb.uexp" 697
"../../../Engine/Plugins/Interchange/Assets/Content/gltf/MaterialFunctions/MF_BaseColor.uasset" 698
"../../../Engine/Plugins/Interchange/Assets/Content/gltf/MaterialFunctions/MF_BaseColor.uexp" 699
"../../../Engine/Plugins/Interchange/Assets/Content/gltf/MaterialFunctions/MF_RotateV2.uasset" 700
"../../../Engine/Plugins/Interchange/Assets/Content/gltf/MaterialFunctions/MF_RotateV2.uexp" 701
"../../../Engine/Plugins/Interchange/Assets/Content/gltf/MaterialFunctions/MF_TransformUVs.uasset" 702
"../../../Engine/Plugins/Interchange/Assets/Content/gltf/MaterialFunctions/MF_TransformUVs.uexp" 703
"../../../Engine/Plugins/Interchange/Assets/Content/gltf/MaterialBodies/MF_Unlit_Body.uasset" 704
"../../../Engine/Plugins/Interchange/Assets/Content/gltf/MaterialBodies/MF_Unlit_Body.uexp" 705
"../../../Engine/Plugins/Interchange/Assets/Content/gltf/M_Unlit.uasset" 706
"../../../Engine/Plugins/Interchange/Assets/Content/gltf/M_Unlit.uexp" 707
"../../../Engine/Plugins/Interchange/Assets/Content/gltf/MaterialInstances/MI_Unlit_Opaque_DS.uasset" 708
"../../../Engine/Plugins/Interchange/Assets/Content/gltf/MaterialInstances/MI_Unlit_Opaque_DS.uexp" 709
"../../../Engine/Plugins/Interchange/Assets/Content/gltf/MaterialInstances/MI_Unlit_Opaque.uasset" 710
"../../../Engine/Plugins/Interchange/Assets/Content/gltf/MaterialInstances/MI_Unlit_Opaque.uexp" 711
"../../../Engine/Plugins/Interchange/Assets/Content/gltf/MaterialInstances/MI_Unlit_Mask_DS.uasset" 712
"../../../Engine/Plugins/Interchange/Assets/Content/gltf/MaterialInstances/MI_Unlit_Mask_DS.uexp" 713
"../../../Engine/Plugins/Interchange/Assets/Content/gltf/MaterialInstances/MI_Unlit_Mask.uasset" 714
"../../../Engine/Plugins/Interchange/Assets/Content/gltf/MaterialInstances/MI_Unlit_Mask.uexp" 715
"../../../Engine/Plugins/Interchange/Assets/Content/gltf/MaterialInstances/MI_Unlit_Blend_DS.uasset" 716
"../../../Engine/Plugins/Interchange/Assets/Content/gltf/MaterialInstances/MI_Unlit_Blend_DS.uexp" 717
"../../../Engine/Plugins/Interchange/Assets/Content/gltf/MaterialInstances/MI_Unlit_Blend.uasset" 718
"../../../Engine/Plugins/Interchange/Assets/Content/gltf/MaterialInstances/MI_Unlit_Blend.uexp" 719
"../../../Engine/Content/EngineMaterials/Good64x64TilingNoiseHighFreq.uasset" 720
"../../../Engine/Content/EngineMaterials/Good64x64TilingNoiseHighFreq.uexp" 721
"../../../Engine/Content/Functions/Engine_MaterialFunctions02/Texturing/ScreenAlignedPixelToPixelUVs.uasset" 722
"../../../Engine/Content/Functions/Engine_MaterialFunctions02/Texturing/ScreenAlignedPixelToPixelUVs.uexp" 723
"../../../Engine/Plugins/Interchange/Assets/Content/Utilities/New_LUT.uasset" 724
"../../../Engine/Plugins/Interchange/Assets/Content/Utilities/New_LUT.uexp" 725
"../../../Engine/Content/Functions/Engine_MaterialFunctions03/Math/RemapValueRange.uasset" 726
"../../../Engine/Content/Functions/Engine_MaterialFunctions03/Math/RemapValueRange.uexp" 727
"../../../Engine/Plugins/Interchange/Assets/Content/Functions/MF_Iridescence.uasset" 728
"../../../Engine/Plugins/Interchange/Assets/Content/Functions/MF_Iridescence.uexp" 729
"../../../Engine/Plugins/Interchange/Assets/Content/gltf/MaterialFunctions/MF_Fresnel_DS.uasset" 730
"../../../Engine/Plugins/Interchange/Assets/Content/gltf/MaterialFunctions/MF_Fresnel_DS.uexp" 731
"../../../Engine/Plugins/Interchange/Assets/Content/gltf/MaterialFunctions/MF_IOR.uasset" 732
"../../../Engine/Plugins/Interchange/Assets/Content/gltf/MaterialFunctions/MF_IOR.uexp" 733
"../../../Engine/Plugins/Interchange/Assets/Content/gltf/MaterialFunctions/MF_Iridescence.uasset" 734
"../../../Engine/Plugins/Interchange/Assets/Content/gltf/MaterialFunctions/MF_Iridescence.uexp" 735
"../../../Engine/Plugins/Interchange/Assets/Content/gltf/Textures/T_White_Linear.uasset" 736
"../../../Engine/Plugins/Interchange/Assets/Content/gltf/Textures/T_White_Linear.uexp" 737
"../../../Engine/Plugins/Interchange/Assets/Content/gltf/MaterialFunctions/MF_MetallicRoughness.uasset" 738
"../../../Engine/Plugins/Interchange/Assets/Content/gltf/MaterialFunctions/MF_MetallicRoughness.uexp" 739
"../../../Engine/Content/Functions/Engine_MaterialFunctions02/Math/Transform3x3Matrix.uasset" 740
"../../../Engine/Content/Functions/Engine_MaterialFunctions02/Math/Transform3x3Matrix.uexp" 741
"../../../Engine/Plugins/Interchange/Assets/Content/gltf/MaterialFunctions/MF_RotateNormals_TS.uasset" 742
"../../../Engine/Plugins/Interchange/Assets/Content/gltf/MaterialFunctions/MF_RotateNormals_TS.uexp" 743
"../../../Engine/Plugins/Interchange/Assets/Content/gltf/MaterialFunctions/MF_ScaleNormal.uasset" 744
"../../../Engine/Plugins/Interchange/Assets/Content/gltf/MaterialFunctions/MF_ScaleNormal.uexp" 745
"../../../Engine/Plugins/Interchange/Assets/Content/gltf/Textures/T_Generic_N.uasset" 746
"../../../Engine/Plugins/Interchange/Assets/Content/gltf/Textures/T_Generic_N.uexp" 747
"../../../Engine/Plugins/Interchange/Assets/Content/gltf/MaterialFunctions/MF_Normals.uasset" 748
"../../../Engine/Plugins/Interchange/Assets/Content/gltf/MaterialFunctions/MF_Normals.uexp" 749
"../../../Engine/Plugins/Interchange/Assets/Content/gltf/MaterialFunctions/MF_Occlusion.uasset" 750
"../../../Engine/Plugins/Interchange/Assets/Content/gltf/MaterialFunctions/MF_Occlusion.uexp" 751
"../../../Engine/Plugins/Interchange/Assets/Content/gltf/MaterialFunctions/MF_Specular.uasset" 752
"../../../Engine/Plugins/Interchange/Assets/Content/gltf/MaterialFunctions/MF_Specular.uexp" 753
"../../../Engine/Plugins/Interchange/Assets/Content/gltf/Textures/T_Anisotropy_Direction_Linear.uasset" 754
"../../../Engine/Plugins/Interchange/Assets/Content/gltf/Textures/T_Anisotropy_Direction_Linear.uexp" 755
"../../../Engine/Plugins/Interchange/Assets/Content/gltf/MaterialFunctions/MF_SpecularAnisotropy.uasset" 756
"../../../Engine/Plugins/Interchange/Assets/Content/gltf/MaterialFunctions/MF_SpecularAnisotropy.uexp" 757
"../../../Engine/Plugins/Interchange/Assets/Content/gltf/MaterialFunctions/MF_Temporal_Blur.uasset" 758
"../../../Engine/Plugins/Interchange/Assets/Content/gltf/MaterialFunctions/MF_Temporal_Blur.uexp" 759
"../../../Engine/Plugins/Interchange/Assets/Content/gltf/MaterialFunctions/MF_Transmission.uasset" 760
"../../../Engine/Plugins/Interchange/Assets/Content/gltf/MaterialFunctions/MF_Transmission.uexp" 761
"../../../Engine/Plugins/Interchange/Assets/Content/gltf/MaterialBodies/MF_Transmission_Body.uasset" 762
"../../../Engine/Plugins/Interchange/Assets/Content/gltf/MaterialBodies/MF_Transmission_Body.uexp" 763
"../../../Engine/Plugins/Interchange/Assets/Content/gltf/M_Transmission.uasset" 764
"../../../Engine/Plugins/Interchange/Assets/Content/gltf/M_Transmission.uexp" 765
"../../../Engine/Plugins/Interchange/Assets/Content/gltf/MaterialInstances/MI_Transmission_DS.uasset" 766
"../../../Engine/Plugins/Interchange/Assets/Content/gltf/MaterialInstances/MI_Transmission_DS.uexp" 767
"../../../Engine/Plugins/Interchange/Assets/Content/gltf/MaterialInstances/MI_Transmission.uasset" 768
"../../../Engine/Plugins/Interchange/Assets/Content/gltf/MaterialInstances/MI_Transmission.uexp" 769
"../../../Engine/Content/Functions/Engine_MaterialFunctions02/Math/AddComponents.uasset" 770
"../../../Engine/Content/Functions/Engine_MaterialFunctions02/Math/AddComponents.uexp" 771
"../../../Engine/Plugins/Interchange/Assets/Content/gltf/MaterialFunctions/MF_DiffuseSpecGloss.uasset" 772
"../../../Engine/Plugins/Interchange/Assets/Content/gltf/MaterialFunctions/MF_DiffuseSpecGloss.uexp" 773
"../../../Engine/Plugins/Interchange/Assets/Content/gltf/MaterialFunctions/MF_Emissive.uasset" 774
"../../../Engine/Plugins/Interchange/Assets/Content/gltf/MaterialFunctions/MF_Emissive.uexp" 775
"../../../Engine/Plugins/Interchange/Assets/Content/gltf/MaterialFunctions/MF_MaxComponentValue.uasset" 776
"../../../Engine/Plugins/Interchange/Assets/Content/gltf/MaterialFunctions/MF_MaxComponentValue.uexp" 777
"../../../Engine/Plugins/Interchange/Assets/Content/gltf/MaterialFunctions/MF_PerceivedBrightness.uasset" 778
"../../../Engine/Plugins/Interchange/Assets/Content/gltf/MaterialFunctions/MF_PerceivedBrightness.uexp" 779
"../../../Engine/Plugins/Interchange/Assets/Content/gltf/MaterialFunctions/MF_SpecGlossToMetalRoughness.uasset" 780
"../../../Engine/Plugins/Interchange/Assets/Content/gltf/MaterialFunctions/MF_SpecGlossToMetalRoughness.uexp" 781
"../../../Engine/Plugins/Interchange/Assets/Content/gltf/MaterialBodies/MF_SpecularGlossiness_Body.uasset" 782
"../../../Engine/Plugins/Interchange/Assets/Content/gltf/MaterialBodies/MF_SpecularGlossiness_Body.uexp" 783
"../../../Engine/Plugins/Interchange/Assets/Content/gltf/M_SpecularGlossiness.uasset" 784
"../../../Engine/Plugins/Interchange/Assets/Content/gltf/M_SpecularGlossiness.uexp" 785
"../../../Engine/Plugins/Interchange/Assets/Content/gltf/MaterialInstances/MI_SpecularGlossiness_Opaque_DS.uasset" 786
"../../../Engine/Plugins/Interchange/Assets/Content/gltf/MaterialInstances/MI_SpecularGlossiness_Opaque_DS.uexp" 787
"../../../Engine/Plugins/Interchange/Assets/Content/gltf/MaterialInstances/MI_SpecularGlossiness_Opaque.uasset" 788
"../../../Engine/Plugins/Interchange/Assets/Content/gltf/MaterialInstances/MI_SpecularGlossiness_Opaque.uexp" 789
"../../../Engine/Plugins/Interchange/Assets/Content/gltf/MaterialInstances/MI_SpecularGlossiness_Mask_DS.uasset" 790
"../../../Engine/Plugins/Interchange/Assets/Content/gltf/MaterialInstances/MI_SpecularGlossiness_Mask_DS.uexp" 791
"../../../Engine/Plugins/Interchange/Assets/Content/gltf/MaterialInstances/MI_SpecularGlossiness_Mask.uasset" 792
"../../../Engine/Plugins/Interchange/Assets/Content/gltf/MaterialInstances/MI_SpecularGlossiness_Mask.uexp" 793
"../../../Engine/Plugins/Interchange/Assets/Content/gltf/MaterialInstances/MI_SpecularGlossiness_Blend_DS.uasset" 794
"../../../Engine/Plugins/Interchange/Assets/Content/gltf/MaterialInstances/MI_SpecularGlossiness_Blend_DS.uexp" 795
"../../../Engine/Plugins/Interchange/Assets/Content/gltf/MaterialInstances/MI_SpecularGlossiness_Blend.uasset" 796
"../../../Engine/Plugins/Interchange/Assets/Content/gltf/MaterialInstances/MI_SpecularGlossiness_Blend.uexp" 797
"../../../Engine/Plugins/Interchange/Assets/Content/gltf/MaterialFunctions/MF_Sheen.uasset" 798
"../../../Engine/Plugins/Interchange/Assets/Content/gltf/MaterialFunctions/MF_Sheen.uexp" 799
"../../../Engine/Plugins/Interchange/Assets/Content/gltf/MaterialBodies/MF_Sheen_Body.uasset" 800
"../../../Engine/Plugins/Interchange/Assets/Content/gltf/MaterialBodies/MF_Sheen_Body.uexp" 801
"../../../Engine/Plugins/Interchange/Assets/Content/gltf/M_Sheen.uasset" 802
"../../../Engine/Plugins/Interchange/Assets/Content/gltf/M_Sheen.uexp" 803
"../../../Engine/Plugins/Interchange/Assets/Content/gltf/MaterialInstances/MI_Sheen_Opaque_DS.uasset" 804
"../../../Engine/Plugins/Interchange/Assets/Content/gltf/MaterialInstances/MI_Sheen_Opaque_DS.uexp" 805
"../../../Engine/Plugins/Interchange/Assets/Content/gltf/MaterialInstances/MI_Sheen_Opaque.uasset" 806
"../../../Engine/Plugins/Interchange/Assets/Content/gltf/MaterialInstances/MI_Sheen_Opaque.uexp" 807
"../../../Engine/Plugins/Interchange/Assets/Content/gltf/MaterialInstances/MI_Sheen_Mask_DS.uasset" 808
"../../../Engine/Plugins/Interchange/Assets/Content/gltf/MaterialInstances/MI_Sheen_Mask_DS.uexp" 809
"../../../Engine/Plugins/Interchange/Assets/Content/gltf/MaterialInstances/MI_Sheen_Mask.uasset" 810
"../../../Engine/Plugins/Interchange/Assets/Content/gltf/MaterialInstances/MI_Sheen_Mask.uexp" 811
"../../../Engine/Plugins/Interchange/Assets/Content/gltf/MaterialInstances/MI_Sheen_Blend_DS.uasset" 812
"../../../Engine/Plugins/Interchange/Assets/Content/gltf/MaterialInstances/MI_Sheen_Blend_DS.uexp" 813
"../../../Engine/Plugins/Interchange/Assets/Content/gltf/MaterialInstances/MI_Sheen_Blend.uasset" 814
"../../../Engine/Plugins/Interchange/Assets/Content/gltf/MaterialInstances/MI_Sheen_Blend.uexp" 815
"../../../Engine/Plugins/Interchange/Assets/Content/gltf/MaterialBodies/MF_Default_Body.uasset" 816
"../../../Engine/Plugins/Interchange/Assets/Content/gltf/MaterialBodies/MF_Default_Body.uexp" 817
"../../../Engine/Plugins/Interchange/Assets/Content/gltf/M_Default.uasset" 818
"../../../Engine/Plugins/Interchange/Assets/Content/gltf/M_Default.uexp" 819
"../../../Engine/Plugins/Interchange/Assets/Content/gltf/MaterialInstances/MI_Default_Opaque_DS.uasset" 820
"../../../Engine/Plugins/Interchange/Assets/Content/gltf/MaterialInstances/MI_Default_Opaque_DS.uexp" 821
"../../../Engine/Plugins/Interchange/Assets/Content/gltf/MaterialInstances/MI_Default_Opaque.uasset" 822
"../../../Engine/Plugins/Interchange/Assets/Content/gltf/MaterialInstances/MI_Default_Opaque.uexp" 823
"../../../Engine/Plugins/Interchange/Assets/Content/gltf/MaterialInstances/MI_Default_Mask_DS.uasset" 824
"../../../Engine/Plugins/Interchange/Assets/Content/gltf/MaterialInstances/MI_Default_Mask_DS.uexp" 825
"../../../Engine/Plugins/Interchange/Assets/Content/gltf/MaterialInstances/MI_Default_Mask.uasset" 826
"../../../Engine/Plugins/Interchange/Assets/Content/gltf/MaterialInstances/MI_Default_Mask.uexp" 827
"../../../Engine/Plugins/Interchange/Assets/Content/gltf/MaterialInstances/MI_Default_Blend_DS.uasset" 828
"../../../Engine/Plugins/Interchange/Assets/Content/gltf/MaterialInstances/MI_Default_Blend_DS.uexp" 829
"../../../Engine/Plugins/Interchange/Assets/Content/gltf/MaterialInstances/MI_Default_Blend.uasset" 830
"../../../Engine/Plugins/Interchange/Assets/Content/gltf/MaterialInstances/MI_Default_Blend.uexp" 831
"../../../Engine/Content/Functions/Engine_MaterialFunctions01/Texturing/FlattenNormal.uasset" 832
"../../../Engine/Content/Functions/Engine_MaterialFunctions01/Texturing/FlattenNormal.uexp" 833
"../../../Engine/Plugins/Interchange/Assets/Content/gltf/MaterialFunctions/MF_Clearcoat.uasset" 834
"../../../Engine/Plugins/Interchange/Assets/Content/gltf/MaterialFunctions/MF_Clearcoat.uexp" 835
"../../../Engine/Plugins/Interchange/Assets/Content/gltf/MaterialBodies/MF_ClearCoat_Body.uasset" 836
"../../../Engine/Plugins/Interchange/Assets/Content/gltf/MaterialBodies/MF_ClearCoat_Body.uexp" 837
"../../../Engine/Plugins/Interchange/Assets/Content/gltf/M_ClearCoat.uasset" 838
"../../../Engine/Plugins/Interchange/Assets/Content/gltf/M_ClearCoat.uexp" 839
"../../../Engine/Plugins/Interchange/Assets/Content/gltf/MaterialInstances/MI_ClearCoat_Opaque_DS.uasset" 840
"../../../Engine/Plugins/Interchange/Assets/Content/gltf/MaterialInstances/MI_ClearCoat_Opaque_DS.uexp" 841
"../../../Engine/Plugins/Interchange/Assets/Content/gltf/MaterialInstances/MI_ClearCoat_Opaque.uasset" 842
"../../../Engine/Plugins/Interchange/Assets/Content/gltf/MaterialInstances/MI_ClearCoat_Opaque.uexp" 843
"../../../Engine/Plugins/Interchange/Assets/Content/gltf/MaterialInstances/MI_ClearCoat_Mask_DS.uasset" 844
"../../../Engine/Plugins/Interchange/Assets/Content/gltf/MaterialInstances/MI_ClearCoat_Mask_DS.uexp" 845
"../../../Engine/Plugins/Interchange/Assets/Content/gltf/MaterialInstances/MI_ClearCoat_Mask.uasset" 846
"../../../Engine/Plugins/Interchange/Assets/Content/gltf/MaterialInstances/MI_ClearCoat_Mask.uexp" 847
"../../../Engine/Plugins/Interchange/Assets/Content/gltf/MaterialInstances/MI_ClearCoat_Blend_DS.uasset" 848
"../../../Engine/Plugins/Interchange/Assets/Content/gltf/MaterialInstances/MI_ClearCoat_Blend_DS.uexp" 849
"../../../Engine/Plugins/Interchange/Assets/Content/gltf/MaterialInstances/MI_ClearCoat_Blend.uasset" 850
"../../../Engine/Plugins/Interchange/Assets/Content/gltf/MaterialInstances/MI_ClearCoat_Blend.uexp" 851
"../../../Engine/Content/EngineMaterials/Substrate/Volume/SubstrateSimpleVolumeLUT3D.uasset" 852
"../../../Engine/Content/EngineMaterials/Substrate/Volume/SubstrateSimpleVolumeLUT3D.uexp" 853
"../../../Engine/Content/EngineMaterials/Substrate/Volume/SubstrateSimpleVolumeEnvLUT3D.uasset" 854
"../../../Engine/Content/EngineMaterials/Substrate/Volume/SubstrateSimpleVolumeEnvLUT3D.uexp" 855
"../../../Engine/Plugins/NNE/NNEDenoiser/Content/NNE_oidn2-3-0_rt_hdr_calb_cnrm_large__dyn__fp16_opset11_ForwardAlpha.uasset" 856
"../../../Engine/Plugins/NNE/NNEDenoiser/Content/NNE_oidn2-3-0_rt_hdr_calb_cnrm_large__dyn__fp16_opset11_ForwardAlpha.uexp" 857
"../../../Engine/Plugins/NNE/NNEDenoiser/Content/NNE_oidn2-3-0_rt_hdr_calb_cnrm_large__dyn__fp16_opset11_DenoiseAlpha.uasset" 858
"../../../Engine/Plugins/NNE/NNEDenoiser/Content/NNE_oidn2-3-0_rt_hdr_calb_cnrm_large__dyn__fp16_opset11_DenoiseAlpha.uexp" 859
"../../../Engine/Plugins/NNE/NNEDenoiser/Content/NNE_oidn2-3-0_rt_hdr_alb_nrm__dyn__fp16_opset11_ForwardAlpha.uasset" 860
"../../../Engine/Plugins/NNE/NNEDenoiser/Content/NNE_oidn2-3-0_rt_hdr_alb_nrm__dyn__fp16_opset11_ForwardAlpha.uexp" 861
"../../../Engine/Plugins/NNE/NNEDenoiser/Content/NNE_oidn2-3-0_rt_hdr_alb_nrm__dyn__fp16_opset11_DenoiseAlpha.uasset" 862
"../../../Engine/Plugins/NNE/NNEDenoiser/Content/NNE_oidn2-3-0_rt_hdr_alb_nrm__dyn__fp16_opset11_DenoiseAlpha.uexp" 863
"../../../Engine/Plugins/NNE/NNEDenoiser/Content/NNE_oidn2-3-0_rt_hdr_alb_nrm_small__dyn__fp16_opset11_ForwardAlpha.uasset" 864
"../../../Engine/Plugins/NNE/NNEDenoiser/Content/NNE_oidn2-3-0_rt_hdr_alb_nrm_small__dyn__fp16_opset11_ForwardAlpha.uexp" 865
"../../../Engine/Plugins/NNE/NNEDenoiser/Content/NNE_oidn2-3-0_rt_hdr_alb_nrm_small__dyn__fp16_opset11_DenoiseAlpha.uasset" 866
"../../../Engine/Plugins/NNE/NNEDenoiser/Content/NNE_oidn2-3-0_rt_hdr_alb_nrm_small__dyn__fp16_opset11_DenoiseAlpha.uexp" 867
"../../../Engine/Plugins/NNE/NNEDenoiser/Content/NNED_Oidn2-3_HighQuality_Alpha.uasset" 868
"../../../Engine/Plugins/NNE/NNEDenoiser/Content/NNED_Oidn2-3_HighQuality_Alpha.uexp" 869
"../../../Engine/Plugins/NNE/NNEDenoiser/Content/NNED_Oidn2-3_HighQuality.uasset" 870
"../../../Engine/Plugins/NNE/NNEDenoiser/Content/NNED_Oidn2-3_HighQuality.uexp" 871
"../../../Engine/Plugins/NNE/NNEDenoiser/Content/NNED_Oidn2-3_Fast_Alpha.uasset" 872
"../../../Engine/Plugins/NNE/NNEDenoiser/Content/NNED_Oidn2-3_Fast_Alpha.uexp" 873
"../../../Engine/Plugins/NNE/NNEDenoiser/Content/NNED_Oidn2-3_Fast.uasset" 874
"../../../Engine/Plugins/NNE/NNEDenoiser/Content/NNED_Oidn2-3_Fast.uexp" 875
"../../../Engine/Plugins/NNE/NNEDenoiser/Content/NNED_Oidn2-3_Balanced_Alpha.uasset" 876
"../../../Engine/Plugins/NNE/NNEDenoiser/Content/NNED_Oidn2-3_Balanced_Alpha.uexp" 877
"../../../Engine/Plugins/NNE/NNEDenoiser/Content/NNED_Oidn2-3_Balanced.uasset" 878
"../../../Engine/Plugins/NNE/NNEDenoiser/Content/NNED_Oidn2-3_Balanced.uexp" 879
"../../../Engine/Plugins/NNE/NNEDenoiser/Content/NNEDT_Oidn2-3_Balanced_Alpha.uasset" 880
"../../../Engine/Plugins/NNE/NNEDenoiser/Content/NNEDT_Oidn2-3_Balanced_Alpha.uexp" 881
"../../../Engine/Plugins/NNE/NNEDenoiser/Content/NNEDT_Oidn2-3_Balanced.uasset" 882
"../../../Engine/Plugins/NNE/NNEDenoiser/Content/NNEDT_Oidn2-3_Balanced.uexp" 883
"../../../Engine/Content/EngineResources/LandscapeVisibilityLayerInfo.uasset" 884
"../../../Engine/Content/EngineResources/LandscapeVisibilityLayerInfo.uexp" 885
"../../../Engine/Plugins/Animation/DeformerGraph/Content/DeformerFunctions/DG_Function_LinearBlendSkin_Morph_Cloth_PositionOnly.uasset" 886
"../../../Engine/Plugins/Animation/DeformerGraph/Content/DeformerFunctions/DG_Function_LinearBlendSkin_Morph_Cloth_PositionOnly.uexp" 887
"../../../Engine/Plugins/Animation/DeformerGraph/Content/DeformerFunctions/DG_Function_ComputeNormalsTangents.uasset" 888
"../../../Engine/Plugins/Animation/DeformerGraph/Content/DeformerFunctions/DG_Function_ComputeNormalsTangents.uexp" 889
"../../../Engine/Plugins/Animation/DeformerGraph/Content/Deformers/DG_LinearBlendSkin_Morph_Cloth_RecomputeNormals.uasset" 890
"../../../Engine/Plugins/Animation/DeformerGraph/Content/Deformers/DG_LinearBlendSkin_Morph_Cloth_RecomputeNormals.uexp" 891
"../../../Engine/Plugins/Animation/DeformerGraph/Content/DeformerFunctions/DG_Function_LinearBlendSkin_Morph_Cloth.uasset" 892
"../../../Engine/Plugins/Animation/DeformerGraph/Content/DeformerFunctions/DG_Function_LinearBlendSkin_Morph_Cloth.uexp" 893
"../../../Engine/Plugins/Animation/DeformerGraph/Content/Deformers/DG_LinearBlendSkin_Morph_Cloth.uasset" 894
"../../../Engine/Plugins/Animation/DeformerGraph/Content/Deformers/DG_LinearBlendSkin_Morph_Cloth.uexp" 895
"../../../Engine/Content/VREditor/Sounds/UI/Drop_Item_From_ContentBrowser.ubulk" 896
"../../../Engine/Content/VREditor/Sounds/UI/Drop_Item_From_ContentBrowser.uasset" 897
"../../../Engine/Content/VREditor/Sounds/UI/Drop_Item_From_ContentBrowser.uexp" 898
"../../../Engine/Content/VREditor/TransformGizmo/TransformGizmoMaterial_Inst.uasset" 899
"../../../Engine/Content/VREditor/TransformGizmo/TransformGizmoMaterial_Inst.uexp" 900
"../../../Engine/Content/VREditor/TransformGizmo/TranslucentTransformGizmoMaterial_Inst.uasset" 901
"../../../Engine/Content/VREditor/TransformGizmo/TranslucentTransformGizmoMaterial_Inst.uexp" 902
"../../../Engine/Content/Functions/Engine_MaterialFunctions02/SplitComponents.uasset" 903
"../../../Engine/Content/Functions/Engine_MaterialFunctions02/SplitComponents.uexp" 904
"../../../Engine/Content/VREditor/SnapGrid/SnapGridMaterial.uasset" 905
"../../../Engine/Content/VREditor/SnapGrid/SnapGridMaterial.uexp" 906
"../../../Engine/Content/VREditor/SnapGrid/SnapGridPlaneMesh.uasset" 907
"../../../Engine/Content/VREditor/SnapGrid/SnapGridPlaneMesh.uexp" 908
"../../../Engine/Content/VREditor/Sounds/UI/Gizmo_Handle_Clicked.ubulk" 909
"../../../Engine/Content/VREditor/Sounds/UI/Gizmo_Handle_Clicked.uasset" 910
"../../../Engine/Content/VREditor/Sounds/UI/Gizmo_Handle_Clicked.uexp" 911
"../../../Engine/Content/VREditor/Sounds/UI/Object_PickUp.ubulk" 912
"../../../Engine/Content/VREditor/Sounds/UI/Object_PickUp.uasset" 913
"../../../Engine/Content/VREditor/Sounds/UI/Object_PickUp.uexp" 914
"../../../Engine/Content/VREditor/Sounds/UI/Object_Snaps_To_Another_Actor.ubulk" 915
"../../../Engine/Content/VREditor/Sounds/UI/Object_Snaps_To_Another_Actor.uasset" 916
"../../../Engine/Content/VREditor/Sounds/UI/Object_Snaps_To_Another_Actor.uexp" 917
"../../../Engine/Content/VREditor/Sounds/UI/Object_Snaps_To_Grid.ubulk" 918
"../../../Engine/Content/VREditor/Sounds/UI/Object_Snaps_To_Grid.uasset" 919
"../../../Engine/Content/VREditor/Sounds/UI/Object_Snaps_To_Grid.uexp" 920
"../../../Engine/Content/VREditor/Sounds/UI/Scaling_Down.ubulk" 921
"../../../Engine/Content/VREditor/Sounds/UI/Scaling_Down.uasset" 922
"../../../Engine/Content/VREditor/Sounds/UI/Scaling_Down.uexp" 923
"../../../Engine/Content/VREditor/Sounds/UI/Scaling_Up.ubulk" 924
"../../../Engine/Content/VREditor/Sounds/UI/Scaling_Up.uasset" 925
"../../../Engine/Content/VREditor/Sounds/UI/Scaling_Up.uexp" 926
"../../../Engine/Content/VREditor/Sounds/UI/Selection_Changes.ubulk" 927
"../../../Engine/Content/VREditor/Sounds/UI/Selection_Changes.uasset" 928
"../../../Engine/Content/VREditor/Sounds/UI/Selection_Changes.uexp" 929
"../../../Engine/Content/VREditor/TransformGizmo/PlaneTranslationHandle.uasset" 930
"../../../Engine/Content/VREditor/TransformGizmo/PlaneTranslationHandle.uexp" 931
"../../../Engine/Content/VREditor/TransformGizmo/RotationHandleFull.uasset" 932
"../../../Engine/Content/VREditor/TransformGizmo/RotationHandleFull.uexp" 933
"../../../Engine/Content/VREditor/TransformGizmo/RotationHandleIndicator.uasset" 934
"../../../Engine/Content/VREditor/TransformGizmo/RotationHandleIndicator.uexp" 935
"../../../Engine/Content/VREditor/TransformGizmo/RotationHandleQuarter.uasset" 936
"../../../Engine/Content/VREditor/TransformGizmo/RotationHandleQuarter.uexp" 937
"../../../Engine/Content/VREditor/TransformGizmo/StartRotationHandleIndicator.uasset" 938
"../../../Engine/Content/VREditor/TransformGizmo/StartRotationHandleIndicator.uexp" 939
"../../../Engine/Content/VREditor/TransformGizmo/TransformGizmoFreeRotation.uasset" 940
"../../../Engine/Content/VREditor/TransformGizmo/TransformGizmoFreeRotation.uexp" 941
"../../../Engine/Content/VREditor/TransformGizmo/TranslateArrowHandle.uasset" 942
"../../../Engine/Content/VREditor/TransformGizmo/TranslateArrowHandle.uexp" 943
"../../../Engine/Content/VREditor/TransformGizmo/UniformScaleHandle.uasset" 944
"../../../Engine/Content/VREditor/TransformGizmo/UniformScaleHandle.uexp" 945
"../../../Engine/Content/Maps/Entry_BuiltData.uasset" 946
"../../../Engine/Content/Maps/Entry_BuiltData.uexp" 947
"../../../Engine/Content/Maps/Entry.uexp" 948
"../../../Engine/Content/Maps/Entry.umap" 949
"../../../Engine/Content/BasicShapes/Cube.uasset" 950
"../../../Engine/Content/BasicShapes/Cube.uexp" 951
"../../../Engine/Content/EngineSky/T_Sky_Stars.ubulk" 952
"../../../Engine/Content/EngineSky/T_Sky_Stars.uasset" 953
"../../../Engine/Content/EngineSky/T_Sky_Stars.uexp" 954
"../../../Engine/Content/EngineSky/T_Sky_Clouds_M.ubulk" 955
"../../../Engine/Content/EngineSky/T_Sky_Clouds_M.uasset" 956
"../../../Engine/Content/EngineSky/T_Sky_Clouds_M.uexp" 957
"../../../Engine/Content/EngineSky/T_Sky_Blue.ubulk" 958
"../../../Engine/Content/EngineSky/T_Sky_Blue.uasset" 959
"../../../Engine/Content/EngineSky/T_Sky_Blue.uexp" 960
"../../../Engine/Content/EngineSky/M_Sky_Panning_Clouds2.uasset" 961
"../../../Engine/Content/EngineSky/M_Sky_Panning_Clouds2.uexp" 962
"../../../Engine/Content/EditorBlueprintResources/StandardMacros.uasset" 963
"../../../Engine/Content/EditorBlueprintResources/StandardMacros.uexp" 964
"../../../Engine/Content/EngineSky/SM_SkySphere.uasset" 965
"../../../Engine/Content/EngineSky/SM_SkySphere.uexp" 966
"../../../Engine/Content/EngineSky/C_Sky_Zenith_Color.uasset" 967
"../../../Engine/Content/EngineSky/C_Sky_Zenith_Color.uexp" 968
"../../../Engine/Content/EngineSky/C_Sky_Horizon_Color.uasset" 969
"../../../Engine/Content/EngineSky/C_Sky_Horizon_Color.uexp" 970
"../../../Engine/Content/EngineSky/C_Sky_Cloud_Color.uasset" 971
"../../../Engine/Content/EngineSky/C_Sky_Cloud_Color.uexp" 972
"../../../Engine/Content/EngineSky/BP_Sky_Sphere.uasset" 973
"../../../Engine/Content/EngineSky/BP_Sky_Sphere.uexp" 974
"F:/Users/mihai/Documents/GitHub/Battle-Blaster/BattleBlaster/Content/Assets/Textures/T_BasicGrid_M.ubulk" 975
"F:/Users/mihai/Documents/GitHub/Battle-Blaster/BattleBlaster/Content/Assets/Textures/T_BasicGrid_M.uasset" 976
"F:/Users/mihai/Documents/GitHub/Battle-Blaster/BattleBlaster/Content/Assets/Textures/T_BasicGrid_M.uexp" 977
"F:/Users/mihai/Documents/GitHub/Battle-Blaster/BattleBlaster/Content/Assets/Textures/T_BasicGrid_N.ubulk" 978
"F:/Users/mihai/Documents/GitHub/Battle-Blaster/BattleBlaster/Content/Assets/Textures/T_BasicGrid_N.uasset" 979
"F:/Users/mihai/Documents/GitHub/Battle-Blaster/BattleBlaster/Content/Assets/Textures/T_BasicGrid_N.uexp" 980
"F:/Users/mihai/Documents/GitHub/Battle-Blaster/BattleBlaster/Content/Assets/Materials/Functions/UV/UV_SetupGrid.uasset" 981
"F:/Users/mihai/Documents/GitHub/Battle-Blaster/BattleBlaster/Content/Assets/Materials/Functions/UV/UV_SetupGrid.uexp" 982
"../../../Engine/Content/Functions/Engine_MaterialFunctions02/Utility/Sign.uasset" 983
"../../../Engine/Content/Functions/Engine_MaterialFunctions02/Utility/Sign.uexp" 984
"../../../Engine/Content/Functions/Engine_MaterialFunctions02/Utility/Round.uasset" 985
"../../../Engine/Content/Functions/Engine_MaterialFunctions02/Utility/Round.uexp" 986
"F:/Users/mihai/Documents/GitHub/Battle-Blaster/BattleBlaster/Content/Assets/Materials/Functions/UV/UV_ObjectScalable.uasset" 987
"F:/Users/mihai/Documents/GitHub/Battle-Blaster/BattleBlaster/Content/Assets/Materials/Functions/UV/UV_ObjectScalable.uexp" 988
"F:/Users/mihai/Documents/GitHub/Battle-Blaster/BattleBlaster/Content/Assets/Materials/Functions/Texture/Tex_SimpleGrid.uasset" 989
"F:/Users/mihai/Documents/GitHub/Battle-Blaster/BattleBlaster/Content/Assets/Materials/Functions/Texture/Tex_SimpleGrid.uexp" 990
"F:/Users/mihai/Documents/GitHub/Battle-Blaster/BattleBlaster/Content/Assets/Materials/Functions/Basic/BreakSet.uasset" 991
"F:/Users/mihai/Documents/GitHub/Battle-Blaster/BattleBlaster/Content/Assets/Materials/Functions/Basic/BreakSet.uexp" 992
"F:/Users/mihai/Documents/GitHub/Battle-Blaster/BattleBlaster/Content/Assets/Materials/Functions/Texture/Dye_SingleColor.uasset" 993
"F:/Users/mihai/Documents/GitHub/Battle-Blaster/BattleBlaster/Content/Assets/Materials/Functions/Texture/Dye_SingleColor.uexp" 994
"F:/Users/mihai/Documents/GitHub/Battle-Blaster/BattleBlaster/Content/Assets/Materials/Functions/Basic/MakeSet.uasset" 995
"F:/Users/mihai/Documents/GitHub/Battle-Blaster/BattleBlaster/Content/Assets/Materials/Functions/Basic/MakeSet.uexp" 996
"F:/Users/mihai/Documents/GitHub/Battle-Blaster/BattleBlaster/Content/Assets/Materials/Base/M_GridBase.uasset" 997
"F:/Users/mihai/Documents/GitHub/Battle-Blaster/BattleBlaster/Content/Assets/Materials/Base/M_GridBase.uexp" 998
"F:/Users/mihai/Documents/GitHub/Battle-Blaster/BattleBlaster/Content/Assets/Materials/Base/M_Grid_Inst.uasset" 999
"F:/Users/mihai/Documents/GitHub/Battle-Blaster/BattleBlaster/Content/Assets/Materials/Base/M_Grid_Inst.uexp" 1000
"../../../Engine/Content/MapTemplates/SM_Template_Map_Floor.uasset" 1001
"../../../Engine/Content/MapTemplates/SM_Template_Map_Floor.uexp" 1002
"F:/Users/mihai/Documents/GitHub/Battle-Blaster/BattleBlaster/Content/Assets/Meshes/SM_TowerTurret.uasset" 1003
"F:/Users/mihai/Documents/GitHub/Battle-Blaster/BattleBlaster/Content/Assets/Meshes/SM_TowerTurret.uexp" 1004
"F:/Users/mihai/Documents/GitHub/Battle-Blaster/BattleBlaster/Content/Assets/Meshes/SM_TowerBase.uasset" 1005
"F:/Users/mihai/Documents/GitHub/Battle-Blaster/BattleBlaster/Content/Assets/Meshes/SM_TowerBase.uexp" 1006
"F:/Users/mihai/Documents/GitHub/Battle-Blaster/BattleBlaster/Content/Blueprints/BP_Tower.uasset" 1007
"F:/Users/mihai/Documents/GitHub/Battle-Blaster/BattleBlaster/Content/Blueprints/BP_Tower.uexp" 1008
"F:/Users/mihai/Documents/GitHub/Battle-Blaster/BattleBlaster/Content/Maps/Level_3.uexp" 1009
"F:/Users/mihai/Documents/GitHub/Battle-Blaster/BattleBlaster/Content/Maps/Level_3.umap" 1010
"F:/Users/mihai/Documents/GitHub/Battle-Blaster/BattleBlaster/Content/Maps/Level_2.uexp" 1011
"F:/Users/mihai/Documents/GitHub/Battle-Blaster/BattleBlaster/Content/Maps/Level_2.umap" 1012
"F:/Users/mihai/Documents/GitHub/Battle-Blaster/BattleBlaster/Content/Maps/Level_1_BuiltData.ubulk" 1013
"F:/Users/mihai/Documents/GitHub/Battle-Blaster/BattleBlaster/Content/Maps/Level_1_BuiltData.uasset" 1014
"F:/Users/mihai/Documents/GitHub/Battle-Blaster/BattleBlaster/Content/Maps/Level_1_BuiltData.uexp" 1015
"F:/Users/mihai/Documents/GitHub/Battle-Blaster/BattleBlaster/Content/Maps/Level_1.uexp" 1016
"F:/Users/mihai/Documents/GitHub/Battle-Blaster/BattleBlaster/Content/Maps/Level_1.umap" 1017
